###############################################################################
#
# IAR ELF Linker V9.30.1.335/W64 for ARM                  28/Jun/2023  17:33:26
# Copyright 2007-2022 IAR Systems AB.
#
#    Output file                  =
#        C:\Ting\guix\test\regression_test\tests\iar\9.30.1\validaion_guix_jpeg_decoding\demo_guix_jpeg_decode_1555xrgb\Debug\Exe\demo_guix_jpeg_decode_1555xrgb.out
#    Map file                     =
#        C:\Ting\guix\test\regression_test\tests\iar\9.30.1\validaion_guix_jpeg_decoding\demo_guix_jpeg_decode_1555xrgb\Debug\List\demo_guix_jpeg_decode_1555xrgb.map
#    Import CMSE library file out =
#        C:\Ting\guix\test\regression_test\tests\iar\9.30.1\validaion_guix_jpeg_decoding\demo_guix_jpeg_decode_1555xrgb\Debug\Exe\demo_guix_jpeg_draw_import_lib.o
#    Command line                 =
#        -f
#        C:\Ting\guix\test\regression_test\tests\iar\9.30.1\validaion_guix_jpeg_decoding\demo_guix_jpeg_decode_1555xrgb\Debug\Exe\demo_guix_jpeg_decode_1555xrgb.out.rsp
#        (C:\Ting\guix\test\regression_test\tests\iar\9.30.1\validaion_guix_jpeg_decoding\demo_guix_jpeg_decode_1555xrgb\Debug\Obj\common_code.o
#        C:\Ting\guix\test\regression_test\tests\iar\9.30.1\validaion_guix_jpeg_decoding\demo_guix_jpeg_decode_1555xrgb\Debug\Obj\demo_jpeg_decode_1555xrgb_resources.o
#        C:\Ting\guix\test\regression_test\tests\iar\9.30.1\validaion_guix_jpeg_decoding\demo_guix_jpeg_decode_1555xrgb\Debug\Obj\demo_jpeg_decode_1555xrgb_specifications.o
#        C:\Ting\guix\test\regression_test\tests\iar\9.30.1\validaion_guix_jpeg_decoding\demo_guix_jpeg_decode_1555xrgb\Debug\Obj\main.o
#        --no_out_extension -o
#        C:\Ting\guix\test\regression_test\tests\iar\9.30.1\validaion_guix_jpeg_decoding\demo_guix_jpeg_decode_1555xrgb\Debug\Exe\demo_guix_jpeg_decode_1555xrgb.out
#        --map
#        C:\Ting\guix\test\regression_test\tests\iar\9.30.1\validaion_guix_jpeg_decoding\demo_guix_jpeg_decode_1555xrgb\Debug\List\demo_guix_jpeg_decode_1555xrgb.map
#        --config
#        C:\Ting\guix\test\regression_test\tests\iar\9.30.1\validaion_guix_jpeg_decoding\demo_guix_jpeg_decode_1555xrgb\..\test_flash.icf
#        --semihosting
#        C:\Ting\guix\test\regression_test\tests\iar\9.30.1\validaion_guix_jpeg_decoding\demo_guix_jpeg_decode_1555xrgb\..\gx\Debug\Exe\gx.a
#        C:\Ting\guix\test\regression_test\tests\iar\9.30.1\validaion_guix_jpeg_decoding\demo_guix_jpeg_decode_1555xrgb\..\tx\Debug\Exe\tx.a
#        --entry __iar_program_start --vfe --text_out locale
#        --import_cmse_lib_out
#        C:\Ting\guix\test\regression_test\tests\iar\9.30.1\validaion_guix_jpeg_decoding\demo_guix_jpeg_decode_1555xrgb\Debug\Exe\demo_guix_jpeg_draw_import_lib.o
#        --cpu=Cortex-M85.no_pacbti --fpu=VFPv5_d16)
#
###############################################################################

*******************************************************************************
*** RUNTIME MODEL ATTRIBUTES
***

CppFlavor       = *
__CPP_Runtime   = 1
__Heap_Handler  = DLMalloc
__SystemLibrary = DLib
__dlib_version  = 6


*******************************************************************************
*** HEAP SELECTION
***

The advanced heap was selected because the application calls
memory allocation functions outside of system library functions,
there are calls to deallocation functions in the application, and
the application appears to be primarily optimized for speed.


*******************************************************************************
*** PLACEMENT SUMMARY
***

"A0":  place at address 0x1000'0000 { ro section .intvec };
"P1":  place in [from 0x1000'0000 to 0x1007'ffff] { ro };
define block CSTACK with size = 1'280, alignment = 8 { };
define block HEAP with size = 260K, alignment = 8 { };
"P2":  place in [from 0x2100'0000 to 0x211f'ffff] {
          rw, block CSTACK, block HEAP };
initialize by copy { rw };

No sections matched the following patterns:

  section FREE_MEM  in "P4"
  section SD_RAM    in "P3"


  Section            Kind         Address      Size  Object
  -------            ----         -------      ----  ------
"A0":                                          0x40
  .intvec            ro code  0x1000'0000      0x40  vector_table_M.o [5]
                            - 0x1000'0040      0x40

"P1":                                      0x4'3c64
  .rodata            const    0x1000'0040    0xa1a0  demo_jpeg_decode_1555xrgb_resources.o [1]
  .rodata            const    0x1000'a1e0    0x8794  demo_jpeg_decode_1555xrgb_resources.o [1]
  .rodata            const    0x1001'2974    0x7750  demo_jpeg_decode_1555xrgb_resources.o [1]
  .rodata            const    0x1001'a0c4    0x76fc  demo_jpeg_decode_1555xrgb_resources.o [1]
  .rodata            const    0x1002'17c0    0x3a20  demo_jpeg_decode_1555xrgb_resources.o [1]
  .text              ro code  0x1002'51e0    0x1cc8  gx_image_reader_png_decode.o [3]
  .text              ro code  0x1002'6ea8      0x2a  strncmp.o [2]
  .text              ro code  0x1002'6ed2      0x7e  lz77_init_single.o [5]
  .text              ro code  0x1002'6f50      0xa6  ABImemcpy.o [5]
  .text              ro code  0x1002'6ff6      0x7a  gx_display_driver_1555xrgb_pixel_blend.o [3]
  .text              ro code  0x1002'7070       0x6  ABImemclr4.o [5]
  .text              ro code  0x1002'7076      0x16  gx_display_driver_1555xrgb_native_color_get.o [3]
  .text              ro code  0x1002'708c      0x3a  ABImemset48.o [5]
  .text              ro code  0x1002'70c6      0x16  gx_display_driver_565rgb_native_color_get.o [3]
  .text              ro code  0x1002'70dc       0x6  ABImemclr.o [5]
  .text              ro code  0x1002'70e2       0xa  xsprout.o [2]
  .text              ro code  0x1002'70ec      0x96  ABImemmove.o [5]
  .text              ro code  0x1002'7182       0x6  gx_display_driver_16bpp_row_pitch_get.o [3]
  .text              ro code  0x1002'7188      0x66  ABImemset.o [5]
  .text              ro code  0x1002'71ee       0x2  vectortrap_M.o [5]
  .text              ro code  0x1002'71f0    0x14d4  dlmalloc.o [2]
  .text              ro code  0x1002'86c4       0x6  abort.o [2]
  .text              ro code  0x1002'86cc      0x2c  xgetmemchunk.o [2]
  .text              ro code  0x1002'86f8      0x14  exit.o [6]
  .text              ro code  0x1002'870c      0x7c  iarttio.o [6]
  .text              ro code  0x1002'8788       0x8  XShttio.o [2]
  .text              ro code  0x1002'8790    0x10f4  gx_image_reader_jpeg_decode.o [3]
  .text              ro code  0x1002'9884      0x16  gx_utility_rectangle_define.o [3]
  .text              ro code  0x1002'989c     0xf38  gx_display_driver_16bpp_pixelmap_draw.o [3]
  .text              ro code  0x1002'a7d4      0x70  gx_display_driver_565rgb_pixel_blend.o [3]
  .text              ro code  0x1002'a844      0x14  gx_display_driver_16bpp_pixel_write.o [3]
  .text              ro code  0x1002'a858     0x4de  gx_display_driver_16bpp_pixelmap_blend.o [3]
  .text              ro code  0x1002'ad38     0xe78  gx_display_driver_16bpp_pixelmap_rotate.o [3]
  .text              ro code  0x1002'bbb0       0x8  gx_utility_math_cos.o [3]
  .text              ro code  0x1002'bbb8      0x88  gx_utility_math_sin.o [3]
  .text              ro code  0x1002'bc40     0xbd0  gx_display_driver_generic_aliased_wide_arc_draw.o [3]
  .text              ro code  0x1002'c810     0x12c  gx_utility_circle_point_get.o [3]
  .text              ro code  0x1002'c93c     0x36c  gx_display_driver_arc_clipping_get.o [3]
  .text              ro code  0x1002'cca8      0x36  gx_utility_rectangle_point_detect.o [3]
  .text              ro code  0x1002'cce0      0xec  gx_utility_math_sqrt.o [3]
  .text              ro code  0x1002'cdcc     0x35a  gx_display_driver_generic_aliased_filled_circle_draw.o [3]
  .text              ro code  0x1002'd128     0x988  gx_display_driver_1555xrgb_pixelmap_rotate.o [3]
  .text              ro code  0x1002'dab0     0x7c0  gx_display_driver_565rgb_horizontal_pixelmap_line_draw.o [3]
  .text              ro code  0x1002'e270     0x7a4  gx_image_reader_pixel_write_callback_set.o [3]
  .text              ro code  0x1002'ea14      0xa6  gx_image_reader_nearest_palette_color_get.o [3]
  .text              ro code  0x1002'eabc     0x3bc  gx_image_reader_start.o [3]
  .text              ro code  0x1002'ee78      0x72  gx_image_reader_image_decode.o [3]
  .text              ro code  0x1002'eeec     0x6b8  gx_image_reader_pixel_read_callback_set.o [3]
  .text              ro code  0x1002'f5a4     0x388  gx_image_reader_colorspace_convert.o [3]
  .text              ro code  0x1002'f92c     0x38e  gx_image_reader_rle_encode.o [3]
  .text              ro code  0x1002'fcbc     0x764  gx_utility_easing_function_calculate.o [3]
  .text              ro code  0x1003'0420     0x760  gx_display_driver_generic_wide_arc_draw.o [3]
  .text              ro code  0x1003'0b80     0x222  gx_display_driver_generic_filled_circle_draw.o [3]
  .text              ro code  0x1003'0da4     0x740  gx_display_driver_generic_aliased_wide_ellipse_draw.o [3]
  .text              ro code  0x1003'14e4     0x730  gx_display_driver_generic_polygon_fill.o [3]
  .text              ro code  0x1003'1c14     0x67c  gx_utility_canvas_to_bmp.o [3]
  .text              ro code  0x1003'2290      0x38  gx_utility_rectangle_inside_detect.o [3]
  .text              ro code  0x1003'22c8     0x634  gx_display_driver_generic_ellipse_draw.o [3]
  .text              ro code  0x1003'28fc     0x634  gx_display_driver_16bpp_simple_line_draw.o [3]
  .text              ro code  0x1003'2f30     0x60a  gx_display_driver_simple_line_alpha_draw.o [3]
  .text              ro code  0x1003'353a      0x50  gx_utility_rectangle_overlap_detect.o [3]
  .text              ro code  0x1003'358c     0x608  gx_display_driver_generic_arc_fill.o [3]
  .text              ro code  0x1003'3b94     0x608  gx_display_driver_generic_simple_pie_fill.o [3]
  .text              ro code  0x1003'419c     0x5c8  gx_display_driver_generic_aliased_ellipse_draw.o [3]
  .text              ro code  0x1003'4764     0x5b4  gx_display_driver_generic_aliased_line_draw.o [3]
  .text              ro code  0x1003'4d18     0x544  gx_display_driver_generic_wide_ellipse_draw.o [3]
  .text              ro code  0x1003'525c     0x50c  gx_display_driver_generic_aliased_fixed_point_line_draw.o [3]
  .text              ro code  0x1003'5768     0x4e5  xprintfsmall_nomb.o [2]
  .text              ro code  0x1003'5c50      0x16  strchr.o [5]
  .text              ro code  0x1003'5c68      0x40  xfail_s.o [2]
  .text              ro code  0x1003'5ca8      0x36  strlen.o [5]
  .text              ro code  0x1003'5ce0      0x58  memchr.o [5]
  .rodata            const    0x1003'5d38     0x474  gx_system_font_8bpp.o [3]
  .text              ro code  0x1003'61ac     0x46a  gx_widget_border_draw.o [3]
  .text              ro code  0x1003'6618      0x3a  gx_widget_border_width_get.o [3]
  .text              ro code  0x1003'6654      0x1c  gx_context_line_color_set.o [3]
  .text              ro code  0x1003'6670      0x10  gx_context_brush_width_set.o [3]
  .text              ro code  0x1003'6680     0x240  gx_canvas_line_draw.o [3]
  .text              ro code  0x1003'68c0      0x48  gx_widget_client_get.o [3]
  .text              ro code  0x1003'6908       0xe  gx_widget_height_get.o [3]
  .text              ro code  0x1003'6918      0x34  gx_context_brush_define.o [3]
  .text              ro code  0x1003'694c     0x1f8  gx_canvas_rectangle_draw.o [3]
  .text              ro code  0x1003'6b44      0x1c  gx_context_fill_color_set.o [3]
  .text              ro code  0x1003'6b60      0x84  gx_canvas_pixel_draw.o [3]
  .text              ro code  0x1003'6be4      0x30  gx_context_color_get.o [3]
  .text              ro code  0x1003'6c14       0xe  gx_brush_define.o [3]
  .text              ro code  0x1003'6c24     0x420  gx_display_driver_generic_aliased_wide_circle_draw.o [3]
  .text              ro code  0x1003'7044     0x40c  common_code.o [1]
  .text              ro code  0x1003'7450       0x4  heaptramp0.o [2]
  .text              ro code  0x1003'7454      0x60  gx_display_driver_1555xrgb_setup.o [3]
  .text              ro code  0x1003'74b4      0xb8  fwrite.o [2]
  .text              ro code  0x1003'756c      0x40  sprintf.o [2]
  .text              ro code  0x1003'75ac      0x2a  fopen.o [2]
  .text              ro code  0x1003'75d6      0x18  gxe_utility_rectangle_define.o [3]
  .text              ro code  0x1003'75f0      0x5c  gxe_utility_canvas_to_bmp.o [3]
  .text              ro code  0x1003'764c      0x7e  fclose.o [2]
  .text              ro code  0x1003'76cc      0x28  printf.o [2]
  .text              ro code  0x1003'76f4      0x56  strnlen_s.o [5]
  .text              ro code  0x1003'774a      0x16  gx_window_background_draw.o [3]
  .text              ro code  0x1003'7760      0x20  gxe_context_pixelmap_get.o [3]
  .text              ro code  0x1003'7780      0x58  gxe_canvas_pixelmap_draw.o [3]
  .text              ro code  0x1003'77d8     0x1d4  gx_display_driver_565rgb_setup.o [3]
  .text              ro code  0x1003'79ac      0xb4  xfwprep.o [2]
  .text              ro code  0x1003'7a60      0xac  fflush.o [2]
  .text              ro code  0x1003'7b0c      0xd0  xfofind.o [2]
  .text              ro code  0x1003'7bdc      0xf8  xfoprep.o [2]
  .text              ro code  0x1003'7cd4      0x18  close.o [6]
  .text              ro code  0x1003'7cec      0x14  remove.o [6]
  .text              ro code  0x1003'7d00      0xdc  gx_window_border_draw.o [3]
  .text              ro code  0x1003'7ddc      0x24  gx_context_pixelmap_get.o [3]
  .text              ro code  0x1003'7e00      0xb0  gx_canvas_pixelmap_draw.o [3]
  .text              ro code  0x1003'7eb0      0x24  fseek.o [2]
  .text              ro code  0x1003'7ed4      0x10  write.o [6]
  .text              ro code  0x1003'7ee4      0x4c  xfopen.o [2]
  .text              ro code  0x1003'7f30     0x110  XShHandles.o [2]
  .text              ro code  0x1003'8040       0xe  gx_widget_context_fill_set.o [3]
  .text              ro code  0x1003'8050      0xa8  gx_canvas_pixelmap_tile.o [3]
  .text              ro code  0x1003'80f8      0xd8  xfspos.o [2]
  .text              ro code  0x1003'81d0      0x1e  dwrite.o [6]
  .text              ro code  0x1003'81ee      0x46  open.o [6]
  .text              ro code  0x1003'8234       0xc  xfgpos.o [2]
  .text              ro code  0x1003'8240      0x4e  lseek.o [6]
  .text              ro code  0x1003'828e      0x20  iarwstd.o [6]
  .text              ro code  0x1003'82ae      0x22  iarwrite.o [6]
  .text              ro code  0x1003'82d0     0x3dc  gx_display_driver_generic_alphamap_draw.o [3]
  .text              ro code  0x1003'86ac     0x328  gx_display_driver_generic_aliased_arc_draw.o [3]
  .text              ro code  0x1003'89d4     0x316  gx_display_driver_565rgb_glyph_1bit_draw.o [3]
  .text              ro code  0x1003'8cec     0x304  gx_system_initialize.o [3]
  .text              ro code  0x1003'8ff0      0x98  gx_utility_ltoa.o [3]
  .text              ro code  0x1003'9088      0x26  gx_utility_string_length_check.o [3]
  .text              ro code  0x1003'90ae      0x18  gx_animation_create.o [3]
  .text              ro code  0x1003'90c8      0x7c  tx_timer_create.o [7]
  .text              ro code  0x1003'9144      0x74  tx_queue_create.o [7]
  .text              ro code  0x1003'91b8      0x60  tx_mutex_create.o [7]
  .text              ro code  0x1003'9218     0x12c  tx_thread_create.o [7]
  .text              ro code  0x1003'9344      0x60  tx_timer_system_activate.o [7]
  .text              ro code  0x1003'93a4      0x44  tx_thread_stack_build.o [7]
  .text              ro code  0x1003'93e8     0x124  tx_thread_system_resume.o [7]
  .text              ro code  0x1003'950c      0x3c  tx_thread_system_preempt_check.o [7]
  .text              ro code  0x1003'9548      0x2c  tx_timer_system_deactivate.o [7]
  .text              ro code  0x1003'9574     0x300  gx_display_driver_generic_ellipse_fill.o [3]
  .text              ro code  0x1003'9874     0x2f8  gx_display_driver_generic_wide_circle_draw.o [3]
  .text              ro code  0x1003'9b6c     0x2d4  gx_display_driver_generic_rotated_wide_line_fill.o [3]
  .text              ro code  0x1003'9e40     0x2d4  gx_display_driver_generic_wide_line_fill.o [3]
  .text              ro code  0x1003'a114     0x2ce  gx_widget_event_process.o [3]
  .text              ro code  0x1003'a3e2      0x1c  gx_widget_children_event_process.o [3]
  .text              ro code  0x1003'a3fe      0x30  gx_widget_event_generate.o [3]
  .text              ro code  0x1003'a42e      0x10  gx_system_dirty_mark.o [3]
  .text              ro code  0x1003'a43e      0x16  gx_widget_event_to_parent.o [3]
  .text              ro code  0x1003'a454      0x1e  gx_widget_focus_next.o [3]
  .text              ro code  0x1003'a472      0x1e  gx_widget_focus_previous.o [3]
  .text              ro code  0x1003'a490      0xb4  gx_system_input_release.o [3]
  .text              ro code  0x1003'a544      0x68  gx_system_event_send.o [3]
  .text              ro code  0x1003'a5ac     0x182  gx_system_dirty_partial_add.o [3]
  .text              ro code  0x1003'a730      0x88  gx_system_focus_claim.o [3]
  .text              ro code  0x1003'a7b8      0x40  gx_system_lock.o [3]
  .text              ro code  0x1003'a7f8       0xc  gx_widget_status_remove.o [3]
  .text              ro code  0x1003'a804      0x40  gx_system_unlock.o [3]
  .text              ro code  0x1003'a844      0x30  gx_system_pen_speed_init.o [3]
  .text              ro code  0x1003'a874      0x74  gx_system_pen_speed_update.o [3]
  .text              ro code  0x1003'a8e8     0x16c  tx_queue_send.o [7]
  .text              ro code  0x1003'aa54      0x88  gx_system_pen_flick_test.o [3]
  .text              ro code  0x1003'aadc      0x20  gx_utility_rectangle_shift.o [3]
  .text              ro code  0x1003'aafc      0x42  gx_utility_rectangle_combine.o [3]
  .text              ro code  0x1003'ab40      0x18  gx_system_error_process.o [3]
  .text              ro code  0x1003'ab58      0x2a  gx_widget_child_detect.o [3]
  .text              ro code  0x1003'ab84      0x14  tx_thread_identify.o [7]
  .text              ro code  0x1003'ab98     0x114  tx_mutex_get.o [7]
  .text              ro code  0x1003'acac     0x1e0  tx_mutex_put.o [7]
  .text              ro code  0x1003'ae8c      0x14  tx_time_get.o [7]
  .text              ro code  0x1003'aea0     0x1a0  tx_thread_system_suspend.o [7]
  .text              ro code  0x1003'b040      0xc8  tx_mutex_priority_change.o [7]
  .text              ro code  0x1003'b108      0xa8  tx_mutex_prioritize.o [7]
  .text              ro code  0x1003'b1b0     0x2c0  gx_display_driver_generic_arc_draw.o [3]
  .text              ro code  0x1003'b470     0x2a0  gx_display_driver_generic_glyph_4bpp_draw.o [3]
  .text              ro code  0x1003'b710     0x294  gx_display_driver_generic_aliased_circle_draw.o [3]
  .text              ro code  0x1003'b9a4     0x290  demo_jpeg_decode_1555xrgb_specifications.o [1]
  .text              ro code  0x1003'bc34      0x7c  gxe_window_create.o [3]
  .text              ro code  0x1003'bcb0      0x54  gxe_window_wallpaper_set.o [3]
  .text              ro code  0x1003'bd04      0x54  gxe_menu_insert.o [3]
  .text              ro code  0x1003'bd58      0x5c  gxe_widget_fill_color_set.o [3]
  .text              ro code  0x1003'bdb4      0x16  gxe_widget_status_remove.o [3]
  .text              ro code  0x1003'bdcc      0x60  gxe_widget_draw_set.o [3]
  .text              ro code  0x1003'be2c      0x1a  gxe_widget_event_process_set.o [3]
  .text              ro code  0x1003'be48      0x20  gxe_widget_allocate.o [3]
  .text              ro code  0x1003'be68      0x68  gxe_widget_attach.o [3]
  .text              ro code  0x1003'bed0      0xb0  strcmp_fast.o [5]
  .text              ro code  0x1003'bf80      0x70  gxe_display_create.o [3]
  .text              ro code  0x1003'bff0      0x50  gxe_display_color_table_set.o [3]
  .text              ro code  0x1003'c040      0x4c  gxe_display_font_table_set.o [3]
  .text              ro code  0x1003'c08c      0x4c  gxe_display_pixelmap_table_set.o [3]
  .text              ro code  0x1003'c0d8      0x50  gxe_system_scroll_appearance_set.o [3]
  .text              ro code  0x1003'c128      0xb4  gxe_display_language_table_set.o [3]
  .text              ro code  0x1003'c1dc      0x6c  gxe_display_active_language_set.o [3]
  .text              ro code  0x1003'c248      0xa8  gxe_canvas_create.o [3]
  .text              ro code  0x1003'c2f0      0x74  gxe_window_root_create.o [3]
  .text              ro code  0x1003'c364      0x84  gx_window_create.o [3]
  .text              ro code  0x1003'c3e8      0x28  gx_window_wallpaper_set.o [3]
  .text              ro code  0x1003'c410      0x22  gx_menu_insert.o [3]
  .text              ro code  0x1003'c432      0x1c  gx_widget_fill_color_set.o [3]
  .text              ro code  0x1003'c44e       0x6  gx_widget_draw_set.o [3]
  .text              ro code  0x1003'c454       0x6  gx_widget_event_process_set.o [3]
  .text              ro code  0x1003'c45c      0x2c  gx_widget_allocate.o [3]
  .text              ro code  0x1003'c488      0x30  gx_widget_attach.o [3]
  .text              ro code  0x1003'c4b8      0x60  gx_display_create.o [3]
  .text              ro code  0x1003'c518      0x12  gx_display_color_table_set.o [3]
  .text              ro code  0x1003'c52a      0x12  gx_display_font_table_set.o [3]
  .text              ro code  0x1003'c53c      0x12  gx_display_pixelmap_table_set.o [3]
  .text              ro code  0x1003'c550      0x50  gx_system_scroll_appearance_set.o [3]
  .text              ro code  0x1003'c5a0      0x50  gx_display_language_table_set.o [3]
  .text              ro code  0x1003'c5f0      0x48  gx_display_active_language_set.o [3]
  .text              ro code  0x1003'c638      0xb8  gx_canvas_create.o [3]
  .text              ro code  0x1003'c6f0      0x60  gx_window_root_create.o [3]
  .text              ro code  0x1003'c750      0xac  gx_widget_create.o [3]
  .text              ro code  0x1003'c7fc      0x46  gx_widget_link.o [3]
  .text              ro code  0x1003'c842      0x24  gx_widget_detach.o [3]
  .text              ro code  0x1003'c868      0x40  gx_display_canvas_dirty.o [3]
  .text              ro code  0x1003'c8a8      0x38  gx_system_all_canvas_dirty.o [3]
  .text              ro code  0x1003'c8e0      0x7c  gx_widget_unlink.o [3]
  .text              ro code  0x1003'c95c      0x5e  gx_widget_show.o [3]
  .text              ro code  0x1003'c9ba      0x76  gx_widget_hide.o [3]
  .text              ro code  0x1003'ca30      0x5a  gx_widget_clipping_update.o [3]
  .text              ro code  0x1003'ca8c      0x30  gx_system_views_free.o [3]
  .text              ro code  0x1003'cabc      0x24  gx_window_view_update_detect.o [3]
  .text              ro code  0x1003'cae0      0xa8  gx_widget_nav_order_initialize.o [3]
  .text              ro code  0x1003'cb88      0x76  gx_widget_child_clipping_update.o [3]
  .text              ro code  0x1003'cc00     0x284  gx_display_driver_generic_circle_fill.o [3]
  .rodata            const    0x1003'ce84     0x260  demo_jpeg_decode_1555xrgb_resources.o [1]
  .rodata            const    0x1003'd0e4     0x260  demo_jpeg_decode_1555xrgb_resources.o [1]
  .text              ro code  0x1003'd344     0x220  gx_display_driver_generic_circle_draw.o [3]
  .text              ro code  0x1003'd564     0x1f0  tx_queue_receive.o [7]
  .rodata            const    0x1003'd754     0x1e4  demo_jpeg_decode_1555xrgb_resources.o [1]
  .rodata            const    0x1003'd938     0x1b0  demo_jpeg_decode_1555xrgb_resources.o [1]
  .text              ro code  0x1003'dae8     0x18c  gx_animation_update.o [3]
  .text              ro code  0x1003'dc74     0x11a  gx_animation_complete.o [3]
  .text              ro code  0x1003'dd8e      0x30  gx_canvas_alpha_set.o [3]
  .text              ro code  0x1003'ddbe      0xba  gx_canvas_offset_set.o [3]
  .text              ro code  0x1003'de78      0xde  gx_widget_scroll_shift.o [3]
  .text              ro code  0x1003'df56      0xb8  gx_widget_block_move.o [3]
  .text              ro code  0x1003'e010     0x178  gx_widget_shift.o [3]
  .text              ro code  0x1003'e188      0x70  gx_animation_stop.o [3]
  .text              ro code  0x1003'e1f8      0x3c  gx_system_screen_stack_push.o [3]
  .text              ro code  0x1003'e234      0xa8  gx_widget_delete.o [3]
  .text              ro code  0x1003'e2dc      0xc0  gx_canvas_hide.o [3]
  .text              ro code  0x1003'e39c     0x150  gx_system_canvas_refresh.o [3]
  .text              ro code  0x1003'e4ec      0x28  gx_system_animation_free.o [3]
  .text              ro code  0x1003'e514      0x38  gx_canvas_dirty_mark.o [3]
  .text              ro code  0x1003'e54c      0x2c  gx_widget_canvas_get.o [3]
  .text              ro code  0x1003'e578       0xe  gx_widget_width_get.o [3]
  .text              ro code  0x1003'e588     0x188  gx_canvas_drawing_initiate.o [3]
  .text              ro code  0x1003'e710      0xb4  gx_canvas_block_move.o [3]
  .text              ro code  0x1003'e7c4      0x60  gx_canvas_drawing_complete.o [3]
  .text              ro code  0x1003'e824      0x78  gx_system_event_fold.o [3]
  .text              ro code  0x1003'e89c      0xac  tx_timer_deactivate.o [7]
  .text              ro code  0x1003'e948      0x3c  gx_system_dirty_list_remove.o [3]
  .text              ro code  0x1003'e984      0x7c  gx_system_timer_stop.o [3]
  .text              ro code  0x1003'ea00      0x5c  gx_system_event_remove.o [3]
  .text              ro code  0x1003'ea5c      0x14  gx_widget_free.o [3]
  .text              ro code  0x1003'ea70      0x18  gx_system_views_update.o [3]
  .text              ro code  0x1003'ea88     0x152  gx_system_dirty_list_trim.o [3]
  .text              ro code  0x1003'ebdc      0x58  gx_widget_children_draw.o [3]
  .text              ro code  0x1003'ec34     0x154  gx_canvas_composite_create.o [3]
  .text              ro code  0x1003'ed88      0x36  gx_window_root_find.o [3]
  .text              ro code  0x1003'edbe       0xe  gx_context_brush_default.o [3]
  .text              ro code  0x1003'edcc      0x70  gx_system_all_views_free.o [3]
  .text              ro code  0x1003'ee3c      0x58  gx_system_root_view_add.o [3]
  .text              ro code  0x1003'ee94      0x1e  gx_brush_default.o [3]
  .text              ro code  0x1003'eeb2      0xec  gx_system_view_split.o [3]
  .text              ro code  0x1003'ef9e      0x24  gx_system_view_add.o [3]
  .text              ro code  0x1003'efc4      0x7e  gx_system_view_fold.o [3]
  .text              ro code  0x1003'f044      0x24  gx_system_free_view_get.o [3]
  .text              ro code  0x1003'f068     0x188  gx_display_driver_generic_simple_wide_line_draw.o [3]
  .text              ro code  0x1003'f1f0     0x180  gx_display_driver_generic_wide_line_points_calculate.o [3]
  .text              ro code  0x1003'f370     0x182  gx_display_driver_generic_aliased_wide_line_draw.o [3]
  .rodata            const    0x1003'f4f4     0x168  gx_utility_math_sin.o [3]
  .text              ro code  0x1003'f65c     0x154  gx_display_driver_16bpp_block_move.o [3]
  .text              ro code  0x1003'f7b0     0x148  gx_display_driver_generic_glyph_8bpp_draw.o [3]
  .text              ro code  0x1003'f8f8     0x134  gx_window_event_process.o [3]
  .text              ro code  0x1003'fa2c      0x74  gx_widget_child_focus_assign.o [3]
  .text              ro code  0x1003'faa0      0xd4  gx_widget_front_move.o [3]
  .text              ro code  0x1003'fb74      0x72  gx_window_scroll.o [3]
  .text              ro code  0x1003'fbe8     0x130  gx_display_driver_1555xrgb_canvas_blend.o [3]
  .text              ro code  0x1003'fd18     0x12c  main.o [1]
  .text              ro code  0x1003'fe44      0x38  gxe_system_initialize.o [3]
  .text              ro code  0x1003'fe7c      0x44  gxe_system_memory_allocator_set.o [3]
  .text              ro code  0x1003'fec0      0x58  gxe_widget_show.o [3]
  .text              ro code  0x1003'ff18      0x38  gxe_system_start.o [3]
  .text              ro code  0x1003'ff50      0x5c  gxe_canvas_drawing_initiate.o [3]
  .text              ro code  0x1003'ffac      0x12  gx_window_draw.o [3]
  .text              ro code  0x1003'ffc0      0x14  gx_system_memory_allocator_set.o [3]
  .text              ro code  0x1003'ffd4      0x1c  gx_system_start.o [3]
  .text              ro code  0x1003'fff0      0x6c  tx_thread_resume.o [7]
  .text              ro code  0x1004'005c     0x128  gx_display_driver_565rgb_canvas_blend.o [3]
  .text              ro code  0x1004'0184     0x106  gx_display_driver_generic_pie_fill.o [3]
  .rodata            const    0x1004'028c     0x100  gx_utility_math_sqrt.o [3]
  .rodata            const    0x1004'038c      0xe4  gx_system_font_8bpp.o [3]
  .text              ro code  0x1004'0470      0xd4  gx_system_event_dispatch.o [3]
  .text              ro code  0x1004'0544      0x58  gx_system_top_root_find.o [3]
  .text              ro code  0x1004'059c      0x3e  gx_system_top_widget_find.o [3]
  .text              ro code  0x1004'05dc      0xc0  tx_mutex_cleanup.o [7]
  .rodata            const    0x1004'069c      0xb4  gx_system_font_8bpp.o [3]
  .text              ro code  0x1004'0750      0xb0  gx_display_driver_16bpp_horizontal_pattern_line_draw.o [3]
  .text              ro code  0x1004'0800      0xae  gx_display_driver_16bpp_canvas_copy.o [3]
  .rodata            const    0x1004'08b0      0xa8  main.o [1]
  .rodata            const    0x1004'0958      0xa8  gx_system_font_8bpp.o [3]
  .rodata            const    0x1004'0a00      0xa8  gx_system_font_8bpp.o [3]
  .text              ro code  0x1004'0aa8      0x9a  gx_window_scroll_info_get.o [3]
  .rodata            const    0x1004'0b44      0x90  gx_system_font_8bpp.o [3]
  .text              ro code  0x1004'0bd4      0x90  gx_display_driver_16bpp_vertical_pattern_line_draw.o [3]
  .rodata            const    0x1004'0c64      0x84  gx_system_font_8bpp.o [3]
  .rodata            const    0x1004'0ce8      0x84  gx_system_font_8bpp.o [3]
  .text              ro code  0x1004'0d6c      0x84  gx_system_thread_entry.o [3]
  .text              ro code  0x1004'0df0      0x6c  gx_system_timer_update.o [3]
  .text              ro code  0x1004'0e5c      0x84  tx_queue_cleanup.o [7]
  .text              ro code  0x1004'0ee0      0x82  gx_display_driver_16bpp_horizontal_line_draw.o [3]
  .text              ro code  0x1004'0f62      0x4e  gx_display_driver_horizontal_line_alpha_draw.o [3]
  .text              ro code  0x1004'0fb0      0x7e  gx_display_driver_16bpp_vertical_line_draw.o [3]
  .text              ro code  0x1004'102e      0x50  gx_display_driver_vertical_line_alpha_draw.o [3]
  .text              ro code  0x1004'1080      0x7c  tx_thread_shell_entry.o [7]
  .rodata            const    0x1004'10fc      0x78  gx_system_font_8bpp.o [3]
  .rodata            const    0x1004'1174      0x78  gx_system_font_8bpp.o [3]
  .rodata            const    0x1004'11ec      0x78  gx_system_font_8bpp.o [3]
  .rodata            const    0x1004'1264      0x78  gx_system_font_8bpp.o [3]
  .rodata            const    0x1004'12dc      0x78  gx_system_font_8bpp.o [3]
  .rodata            const    0x1004'1354      0x78  gx_system_font_8bpp.o [3]
  .rodata            const    0x1004'13cc      0x78  gx_system_font_8bpp.o [3]
  .rodata            const    0x1004'1444      0x78  gx_system_font_8bpp.o [3]
  .rodata            const    0x1004'14bc      0x78  gx_system_font_8bpp.o [3]
  .rodata            const    0x1004'1534      0x78  gx_system_font_8bpp.o [3]
  .rodata            const    0x1004'15ac      0x78  gx_system_font_8bpp.o [3]
  .rodata            const    0x1004'1624      0x78  gx_system_font_8bpp.o [3]
  .rodata            const    0x1004'169c      0x78  gx_system_font_8bpp.o [3]
  .rodata            const    0x1004'1714      0x78  gx_system_font_8bpp.o [3]
  .rodata            const    0x1004'178c      0x78  gx_system_font_8bpp.o [3]
  .rodata            const    0x1004'1804      0x78  gx_system_font_8bpp.o [3]
  .rodata            const    0x1004'187c      0x78  gx_system_font_8bpp.o [3]
  .rodata            const    0x1004'18f4      0x78  gx_system_font_8bpp.o [3]
  .rodata            const    0x1004'196c      0x78  gx_system_font_8bpp.o [3]
  .rodata            const    0x1004'19e4      0x78  gx_system_font_8bpp.o [3]
  .rodata            const    0x1004'1a5c      0x74  demo_jpeg_decode_1555xrgb_resources.o [1]
  .rodata            const    0x1004'1ad0      0x70  gx_system_font_8bpp.o [3]
  .rodata            const    0x1004'1b40      0x70  gx_system_font_8bpp.o [3]
  .rodata            const    0x1004'1bb0      0x6c  gx_system_font_8bpp.o [3]
  .rodata            const    0x1004'1c1c      0x6c  gx_system_font_8bpp.o [3]
  .rodata            const    0x1004'1c88      0x6c  gx_system_font_8bpp.o [3]
  .rodata            const    0x1004'1cf4      0x6c  gx_system_font_8bpp.o [3]
  .rodata            const    0x1004'1d60      0x6c  gx_system_font_8bpp.o [3]
  .rodata            const    0x1004'1dcc      0x6c  gx_system_font_8bpp.o [3]
  .rodata            const    0x1004'1e38      0x68  gx_system_font_8bpp.o [3]
  .rodata            const    0x1004'1ea0      0x68  gx_system_font_8bpp.o [3]
  .rodata            const    0x1004'1f08      0x64  gx_system_font_8bpp.o [3]
  .rodata            const    0x1004'1f6c      0x64  gx_system_font_8bpp.o [3]
  .rodata            const    0x1004'1fd0      0x64  gx_system_font_8bpp.o [3]
  .rodata            const    0x1004'2034      0x64  gx_system_font_8bpp.o [3]
  .rodata            const    0x1004'2098      0x64  gx_system_font_8bpp.o [3]
  .rodata            const    0x1004'20fc      0x64  gx_system_font_8bpp.o [3]
  .rodata            const    0x1004'2160      0x64  gx_system_font_8bpp.o [3]
  .rodata            const    0x1004'21c4      0x64  gx_system_font_8bpp.o [3]
  .rodata            const    0x1004'2228      0x64  gx_system_font_8bpp.o [3]
  .rodata            const    0x1004'228c      0x64  gx_system_font_8bpp.o [3]
  .text              ro code  0x1004'22f0      0x62  gx_display_driver_generic_polygon_draw.o [3]
  .rodata            const    0x1004'2354      0x60  gx_system_font_8bpp.o [3]
  .rodata            const    0x1004'23b4      0x60  gx_system_font_8bpp.o [3]
  .rodata            const    0x1004'2414      0x60  gx_system_font_8bpp.o [3]
  .rodata            const    0x1004'2474      0x60  gx_system_font_8bpp.o [3]
  .rodata            const    0x1004'24d4      0x58  common_code.o [1]
  .rodata            const    0x1004'252c      0x58  gx_system_font_8bpp.o [3]
  .rodata            const    0x1004'2584      0x54  gx_system_font_8bpp.o [3]
  .rodata            const    0x1004'25d8      0x54  gx_system_font_8bpp.o [3]
  .rodata            const    0x1004'262c      0x54  gx_system_font_8bpp.o [3]
  .rodata            const    0x1004'2680      0x54  gx_system_font_8bpp.o [3]
  .rodata            const    0x1004'26d4      0x54  gx_system_font_8bpp.o [3]
  .text              ro code  0x1004'2728      0x54  fputc.o [2]
  .rodata            const    0x1004'277c      0x50  gx_system_font_8bpp.o [3]
  .rodata            const    0x1004'27cc      0x50  gx_system_font_8bpp.o [3]
  .rodata            const    0x1004'281c      0x50  gx_system_font_8bpp.o [3]
  .rodata            const    0x1004'286c      0x50  gx_system_font_8bpp.o [3]
  .rodata            const    0x1004'28bc      0x4c  gx_image_reader_png_decode.o [3]
  .text              ro code  0x1004'2908      0x4c  gx_display_driver_1555xrgb_png_draw.o [3]
  .text              ro code  0x1004'2954      0x48  gx_image_reader_create.o [3]
  .text              ro code  0x1004'299c      0x4c  gx_display_driver_565rgb_png_draw.o [3]
  .rodata            const    0x1004'29e8      0x48  gx_system_font_8bpp.o [3]
  .rodata            const    0x1004'2a30      0x48  gx_system_font_8bpp.o [3]
  .rodata            const    0x1004'2a78      0x48  gx_system_font_8bpp.o [3]
  .rodata            const    0x1004'2ac0      0x48  gx_system_font_8bpp.o [3]
  .rodata            const    0x1004'2b08      0x48  gx_system_font_8bpp.o [3]
  .rodata            const    0x1004'2b50      0x48  gx_system_font_8bpp.o [3]
  .rodata            const    0x1004'2b98      0x48  xfoprep.o [2]
  .text              ro code  0x1004'2be0      0x48  gx_window_root_event_process.o [3]
  .text              ro code  0x1004'2c28      0x1c  gx_canvas_shift.o [3]
  .rodata            const    0x1004'2c44      0x44  demo_jpeg_decode_1555xrgb_specifications.o [1]
  .text              ro code  0x1004'2c88      0x44  gx_system_timer_expiration.o [3]
  .text              ro code  0x1004'2ccc      0x44  putchar.o [2]
  .rodata            const    0x1004'2d10      0x40  gx_system_font_8bpp.o [3]
  .rodata            const    0x1004'2d50      0x40  gx_system_font_8bpp.o [3]
  .rodata            const    0x1004'2d90      0x40  gx_system_font_8bpp.o [3]
  .rodata            const    0x1004'2dd0      0x40  gx_system_font_8bpp.o [3]
  .rodata            const    0x1004'2e10      0x40  gx_system_font_8bpp.o [3]
  .rodata            const    0x1004'2e50      0x40  gx_system_font_8bpp.o [3]
  .rodata            const    0x1004'2e90      0x40  gx_system_font_8bpp.o [3]
  .rodata            const    0x1004'2ed0      0x40  gx_system_font_8bpp.o [3]
  .rodata            const    0x1004'2f10      0x40  gx_image_reader_jpeg_decode.o [3]
  .text              ro code  0x1004'2f50      0x40  xcloseall.o [2]
  .rodata            const    0x1004'2f90      0x38  gx_system_font_8bpp.o [3]
  .text              ro code  0x1004'2fc8      0x38  zero_init3.o [5]
  .rodata            const    0x1004'3000      0x34  gx_system_font_8bpp.o [3]
  .rodata            const    0x1004'3034      0x34  gx_system_font_8bpp.o [3]
  .text              ro code  0x1004'3068      0x34  tx_thread_timeout.o [7]
  .rodata            const    0x1004'309c      0x30  gx_system_font_8bpp.o [3]
  .rodata            const    0x1004'30cc      0x28  gx_system_font_8bpp.o [3]
  .rodata            const    0x1004'30f4      0x28  gx_system_font_8bpp.o [3]
  .rodata            const    0x1004'311c      0x28  gx_system_font_8bpp.o [3]
  .text              ro code  0x1004'3144      0x28  data_init.o [5]
  .text              ro code  0x1004'316c      0x26  gx_widget_background_draw.o [3]
  .rodata            const    0x1004'3194      0x24  common_code.o [1]
  .rodata            const    0x1004'31b8      0x24  gx_system_font_8bpp.o [3]
  .rodata            const    0x1004'31dc      0x24  gx_system_font_8bpp.o [3]
  .rodata            const    0x1004'3200      0x24  gx_system_font_8bpp.o [3]
  .text              ro code  0x1004'3224      0x22  fpinit_M.o [4]
  .iar.init_table    const    0x1004'3248      0x20  - Linker created -
  .rodata            const    0x1004'3268      0x20  gx_system_font_8bpp.o [3]
  .text              ro code  0x1004'3288      0x1e  cmain.o [5]
  .text              ro code  0x1004'32a6       0x4  low_level_init.o [2]
  .text              ro code  0x1004'32aa       0x4  exit.o [2]
  .text              ro code  0x1004'32b0       0xe  cexit.o [5]
  .rodata            const    0x1004'32c0      0x1c  demo_jpeg_decode_1555xrgb_resources.o [1]
  .rodata            const    0x1004'32dc      0x1c  demo_jpeg_decode_1555xrgb_resources.o [1]
  .rodata            const    0x1004'32f8      0x1c  demo_jpeg_decode_1555xrgb_resources.o [1]
  .rodata            const    0x1004'3314      0x1c  demo_jpeg_decode_1555xrgb_resources.o [1]
  .rodata            const    0x1004'3330      0x1c  demo_jpeg_decode_1555xrgb_resources.o [1]
  .rodata            const    0x1004'334c      0x1c  demo_jpeg_decode_1555xrgb_resources.o [1]
  .rodata            const    0x1004'3368      0x1c  demo_jpeg_decode_1555xrgb_resources.o [1]
  .rodata            const    0x1004'3384      0x1c  demo_jpeg_decode_1555xrgb_resources.o [1]
  .rodata            const    0x1004'33a0      0x1c  demo_jpeg_decode_1555xrgb_resources.o [1]
  .rodata            const    0x1004'33bc      0x1c  gx_system_font_8bpp.o [3]
  .rodata            const    0x1004'33d8      0x1c  gx_system_font_8bpp.o [3]
  .text              ro code  0x1004'33f4      0x1c  cstartup_M.o [5]
  .rodata            const    0x1004'3410      0x18  gx_system_font_8bpp.o [3]
  .text              ro code  0x1004'3428      0x18  gx_display_driver_1555xrgb_jpeg_draw.o [3]
  .text              ro code  0x1004'3440      0x18  gx_display_driver_565rgb_jpeg_draw.o [3]
  .text              ro code  0x1004'3458      0x16  xprout.o [2]
  .rodata            const    0x1004'3470      0x14  demo_jpeg_decode_1555xrgb_specifications.o [1]
  .rodata            const    0x1004'3484      0x14  gx_system_font_8bpp.o [3]
  .text              ro code  0x1004'3498      0x12  gx_widget_draw.o [3]
  .rodata            const    0x1004'34ac      0x10  demo_jpeg_decode_1555xrgb_resources.o [1]
  .rodata            const    0x1004'34bc      0x10  gx_system_font_8bpp.o [3]
  .rodata            const    0x1004'34cc       0xc  demo_jpeg_decode_1555xrgb_resources.o [1]
  .rodata            const    0x1004'34d8       0xc  demo_jpeg_decode_1555xrgb_specifications.o [1]
  .rodata            const    0x1004'34e4       0xc  demo_jpeg_decode_1555xrgb_specifications.o [1]
  .rodata            const    0x1004'34f0       0xc  gx_system_font_8bpp.o [3]
  .rodata            const    0x1004'34fc       0xc  gx_system_font_8bpp.o [3]
  .rodata            const    0x1004'3508       0x8  gx_system_font_8bpp.o [3]
  .rodata            const    0x1004'3510       0x8  gx_system_font_8bpp.o [3]
  .text              ro code  0x1004'3518       0x0  cstart_closeall.o [5]
  .rodata            const    0x1004'3518       0x0  zero_init3.o [5]
  .rodata            const    0x1004'3518       0x0  lz77_init_single.o [5]
  Initializer bytes  const    0x1004'3518     0x78c  <for P2-1>
                            - 0x1004'3ca4  0x4'3c64

"P2", part 1 of 3:                            0x9cc
  P2-1                        0x2100'0000     0x9cc  <Init block>
    .data            inited   0x2100'0000      0x10  demo_jpeg_decode_1555xrgb_resources.o [1]
    .data            inited   0x2100'0010      0x28  demo_jpeg_decode_1555xrgb_resources.o [1]
    .data            inited   0x2100'0038       0x4  demo_jpeg_decode_1555xrgb_resources.o [1]
    .data            inited   0x2100'003c      0x70  demo_jpeg_decode_1555xrgb_resources.o [1]
    .data            inited   0x2100'00ac       0x4  demo_jpeg_decode_1555xrgb_resources.o [1]
    .data            inited   0x2100'00b0      0x38  demo_jpeg_decode_1555xrgb_specifications.o [1]
    .data            inited   0x2100'00e8       0xc  main.o [1]
    .data            inited   0x2100'00f4       0x4  tx_thread_initialize.o [7]
    .data            inited   0x2100'00f8     0x7d4  gx_utility_easing_function_calculate.o [3]
    .data            inited   0x2100'08cc      0x48  xfiles.o [2]
    .data            inited   0x2100'0914      0x48  xfiles.o [2]
    .data            inited   0x2100'095c      0x48  xfiles.o [2]
    .data            inited   0x2100'09a4      0x20  xfiles.o [2]
    .data            inited   0x2100'09c4       0x8  XShttio.o [2]
                            - 0x2100'09cc     0x9cc

"P2", part 2 of 3:                         0x7'5690
  .bss               zero     0x2100'09cc  0x7'0800  demo_jpeg_decode_1555xrgb_specifications.o [1]
  .bss               zero     0x2107'11cc    0x2058  gx_system_initialize.o [3]
  .bss               zero     0x2107'3224    0x1900  gx_system_initialize.o [3]
  .bss               zero     0x2107'4b24     0x56c  tx_timer_initialize.o [7]
  .bss               zero     0x2107'5090     0x400  common_code.o [1]
  .bss               zero     0x2107'5490     0x33c  demo_jpeg_decode_1555xrgb_specifications.o [1]
  .bss               zero     0x2107'57cc     0x230  gx_display_driver_generic_polygon_fill.o [3]
  .bss               zero     0x2107'59fc     0x1d8  dlmalloc.o [2]
  .bss               zero     0x2107'5bd4     0x124  demo_jpeg_decode_1555xrgb_specifications.o [1]
  .bss               zero     0x2107'5cf8      0xa8  tx_thread_initialize.o [7]
  .bss               zero     0x2107'5da0      0x80  XShHandles.o [2]
  .bss               zero     0x2107'5e20      0x78  demo_jpeg_decode_1555xrgb_specifications.o [1]
  .bss               zero     0x2107'5e98      0x70  demo_jpeg_decode_1555xrgb_specifications.o [1]
  .bss               zero     0x2107'5f08      0x50  xfiles.o [2]
  .bss               zero     0x2107'5f58      0x50  xfiles.o [2]
  .bss               zero     0x2107'5fa8      0x30  tx_initialize_high_level.o [7]
  .bss               zero     0x2107'5fd8      0x28  common_code.o [1]
  .bss               zero     0x2107'6000      0x28  gx_display_driver_generic_wide_line_points_calculate.o [3]
  .bss               zero     0x2107'6028      0x18  dlmalloc.o [2]
  .bss               zero     0x2107'6040       0x8  common_code.o [1]
  .bss               zero     0x2107'6048       0x8  gx_image_reader_png_decode.o [3]
  .bss               zero     0x2107'6050       0x4  demo_jpeg_decode_1555xrgb_specifications.o [1]
  .bss               zero     0x2107'6054       0x4  xgetmemchunk.o [2]
  .bss               zero     0x2107'6058       0x4  xfail_s.o [2]
                            - 0x2107'605c  0x7'5690

"P2", part 3 of 3:                         0x4'1500
  CSTACK                      0x2107'6060     0x500  <Block>
    CSTACK           uninit   0x2107'6060     0x500  <Block tail>
  HEAP                        0x2107'6560  0x4'1000  <Block>
    HEAP             uninit   0x2107'6560  0x4'1000  <Block tail>
                            - 0x210b'7560  0x4'1500

Unused ranges:

         From           To       Size
         ----           --       ----
  0x1004'3ca4  0x1007'ffff   0x3'c35c
  0x2107'605c  0x2107'605f        0x4
  0x210b'7560  0x211f'ffff  0x14'8aa0


*******************************************************************************
*** INIT TABLE
***

          Address      Size
          -------      ----
Zero (__iar_zero_init3)
    1 destination range, total size 0x7'5690:
          0x2100'09cc  0x7'5690

Copy/lz77 (__iar_lz77_init_single3)
    1 source range, total size 0x78c (77% of destination):
          0x1004'3518     0x78c
    1 destination range, total size 0x9cc:
          0x2100'0000     0x9cc



*******************************************************************************
*** MODULE SUMMARY
***

    Module                                                     ro code  ro data  rw data
    ------                                                     -------  -------  -------
command line/config:
    ------------------------------------------------------------------------------------
    Total:

C:\Ting\guix\test\regression_test\tests\iar\9.30.1\validaion_guix_jpeg_decoding\demo_guix_jpeg_decode_1555xrgb\Debug\Obj: [1]
    common_code.o                                                1'036      124    1'072
    demo_jpeg_decode_1555xrgb_resources.o                               154'631      176
    demo_jpeg_decode_1555xrgb_specifications.o                     656      155  462'212
    main.o                                                         300      177       12
    ------------------------------------------------------------------------------------
    Total:                                                       1'992  155'087  463'472

dl7M_tlf.a: [2]
    XShHandles.o                                                   272               128
    XShttio.o                                                        8        7        8
    abort.o                                                          6
    dlmalloc.o                                                   5'332               496
    exit.o                                                           4
    fclose.o                                                       126
    fflush.o                                                       172
    fopen.o                                                         42
    fputc.o                                                         84
    fseek.o                                                         36
    fwrite.o                                                       184
    heaptramp0.o                                                     4
    low_level_init.o                                                 4
    printf.o                                                        40
    putchar.o                                                       68
    sprintf.o                                                       64
    strncmp.o                                                       42
    xcloseall.o                                                     64
    xfail_s.o                                                       64                 4
    xfgpos.o                                                        12
    xfiles.o                                                                191      408
    xfofind.o                                                      208
    xfopen.o                                                        76
    xfoprep.o                                                      248       72
    xfspos.o                                                       216
    xfwprep.o                                                      180
    xgetmemchunk.o                                                  44                 4
    xprintfsmall_nomb.o                                          1'253
    xprout.o                                                        22
    xsprout.o                                                       10
    ------------------------------------------------------------------------------------
    Total:                                                       8'885      270    1'048

gx.a: [3]
    gx_animation_complete.o                                        282
    gx_animation_create.o                                           24
    gx_animation_stop.o                                            112
    gx_animation_update.o                                          396
    gx_brush_default.o                                              30
    gx_brush_define.o                                               14
    gx_canvas_alpha_set.o                                           48
    gx_canvas_block_move.o                                         180
    gx_canvas_composite_create.o                                   340
    gx_canvas_create.o                                             184
    gx_canvas_dirty_mark.o                                          56
    gx_canvas_drawing_complete.o                                    96
    gx_canvas_drawing_initiate.o                                   392
    gx_canvas_hide.o                                               192
    gx_canvas_line_draw.o                                          576
    gx_canvas_offset_set.o                                         186
    gx_canvas_pixel_draw.o                                         132
    gx_canvas_pixelmap_draw.o                                      176
    gx_canvas_pixelmap_tile.o                                      168
    gx_canvas_rectangle_draw.o                                     504
    gx_canvas_shift.o                                               28
    gx_context_brush_default.o                                      14
    gx_context_brush_define.o                                       52
    gx_context_brush_width_set.o                                    16
    gx_context_color_get.o                                          48
    gx_context_fill_color_set.o                                     28
    gx_context_line_color_set.o                                     28
    gx_context_pixelmap_get.o                                       36
    gx_display_active_language_set.o                                72
    gx_display_canvas_dirty.o                                       64
    gx_display_color_table_set.o                                    18
    gx_display_create.o                                             96
    gx_display_driver_1555xrgb_canvas_blend.o                      304
    gx_display_driver_1555xrgb_jpeg_draw.o                          24
    gx_display_driver_1555xrgb_native_color_get.o                   22
    gx_display_driver_1555xrgb_pixel_blend.o                       122
    gx_display_driver_1555xrgb_pixelmap_rotate.o                 2'440
    gx_display_driver_1555xrgb_png_draw.o                           76
    gx_display_driver_1555xrgb_setup.o                              96
    gx_display_driver_16bpp_block_move.o                           340
    gx_display_driver_16bpp_canvas_copy.o                          174
    gx_display_driver_16bpp_horizontal_line_draw.o                 130
    gx_display_driver_16bpp_horizontal_pattern_line_draw.o         176
    gx_display_driver_16bpp_pixel_write.o                           20
    gx_display_driver_16bpp_pixelmap_blend.o                     1'246
    gx_display_driver_16bpp_pixelmap_draw.o                      3'896
    gx_display_driver_16bpp_pixelmap_rotate.o                    3'704
    gx_display_driver_16bpp_row_pitch_get.o                          6
    gx_display_driver_16bpp_simple_line_draw.o                   1'588
    gx_display_driver_16bpp_vertical_line_draw.o                   126
    gx_display_driver_16bpp_vertical_pattern_line_draw.o           144
    gx_display_driver_565rgb_canvas_blend.o                        296
    gx_display_driver_565rgb_glyph_1bit_draw.o                     790
    gx_display_driver_565rgb_horizontal_pixelmap_line_draw.o     1'984
    gx_display_driver_565rgb_jpeg_draw.o                            24
    gx_display_driver_565rgb_native_color_get.o                     22
    gx_display_driver_565rgb_pixel_blend.o                         112
    gx_display_driver_565rgb_png_draw.o                             76
    gx_display_driver_565rgb_setup.o                               468
    gx_display_driver_arc_clipping_get.o                           876
    gx_display_driver_generic_aliased_arc_draw.o                   808
    gx_display_driver_generic_aliased_circle_draw.o                660
    gx_display_driver_generic_aliased_ellipse_draw.o             1'480
    gx_display_driver_generic_aliased_filled_circle_draw.o         858
    gx_display_driver_generic_aliased_fixed_point_line_draw.o    1'292
    gx_display_driver_generic_aliased_line_draw.o                1'460
    gx_display_driver_generic_aliased_wide_arc_draw.o            3'024
    gx_display_driver_generic_aliased_wide_circle_draw.o         1'056
    gx_display_driver_generic_aliased_wide_ellipse_draw.o        1'856
    gx_display_driver_generic_aliased_wide_line_draw.o             386
    gx_display_driver_generic_alphamap_draw.o                      988
    gx_display_driver_generic_arc_draw.o                           704
    gx_display_driver_generic_arc_fill.o                         1'544
    gx_display_driver_generic_circle_draw.o                        544
    gx_display_driver_generic_circle_fill.o                        644
    gx_display_driver_generic_ellipse_draw.o                     1'588
    gx_display_driver_generic_ellipse_fill.o                       768
    gx_display_driver_generic_filled_circle_draw.o                 546
    gx_display_driver_generic_glyph_4bpp_draw.o                    672
    gx_display_driver_generic_glyph_8bpp_draw.o                    328
    gx_display_driver_generic_pie_fill.o                           262
    gx_display_driver_generic_polygon_draw.o                        98
    gx_display_driver_generic_polygon_fill.o                     1'840               560
    gx_display_driver_generic_rotated_wide_line_fill.o             724
    gx_display_driver_generic_simple_pie_fill.o                  1'544
    gx_display_driver_generic_simple_wide_line_draw.o              392
    gx_display_driver_generic_wide_arc_draw.o                    1'888
    gx_display_driver_generic_wide_circle_draw.o                   760
    gx_display_driver_generic_wide_ellipse_draw.o                1'348
    gx_display_driver_generic_wide_line_fill.o                     724
    gx_display_driver_generic_wide_line_points_calculate.o         384                40
    gx_display_driver_horizontal_line_alpha_draw.o                  78
    gx_display_driver_simple_line_alpha_draw.o                   1'546
    gx_display_driver_vertical_line_alpha_draw.o                    80
    gx_display_font_table_set.o                                     18
    gx_display_language_table_set.o                                 80
    gx_display_pixelmap_table_set.o                                 18
    gx_image_reader_colorspace_convert.o                           904
    gx_image_reader_create.o                                        72
    gx_image_reader_image_decode.o                                 114
    gx_image_reader_jpeg_decode.o                                4'340       64
    gx_image_reader_nearest_palette_color_get.o                    166
    gx_image_reader_pixel_read_callback_set.o                    1'720
    gx_image_reader_pixel_write_callback_set.o                   1'956
    gx_image_reader_png_decode.o                                 7'368       76        8
    gx_image_reader_rle_encode.o                                   910
    gx_image_reader_start.o                                        956
    gx_menu_insert.o                                                34
    gx_system_all_canvas_dirty.o                                    56
    gx_system_all_views_free.o                                     112
    gx_system_animation_free.o                                      40
    gx_system_canvas_refresh.o                                     336
    gx_system_dirty_list_remove.o                                   60
    gx_system_dirty_list_trim.o                                    338
    gx_system_dirty_mark.o                                          16
    gx_system_dirty_partial_add.o                                  386
    gx_system_error_process.o                                       24
    gx_system_event_dispatch.o                                     212
    gx_system_event_fold.o                                         120
    gx_system_event_remove.o                                        92
    gx_system_event_send.o                                         104
    gx_system_focus_claim.o                                        136
    gx_system_font_8bpp.o                                                 9'552
    gx_system_free_view_get.o                                       36
    gx_system_initialize.o                                         772            14'680
    gx_system_input_release.o                                      180
    gx_system_lock.o                                                64
    gx_system_memory_allocator_set.o                                20
    gx_system_pen_flick_test.o                                     136
    gx_system_pen_speed_init.o                                      48
    gx_system_pen_speed_update.o                                   116
    gx_system_root_view_add.o                                       88
    gx_system_screen_stack_push.o                                   60
    gx_system_scroll_appearance_set.o                               80
    gx_system_start.o                                               28
    gx_system_thread_entry.o                                       132
    gx_system_timer_expiration.o                                    68
    gx_system_timer_stop.o                                         124
    gx_system_timer_update.o                                       108
    gx_system_top_root_find.o                                       88
    gx_system_top_widget_find.o                                     62
    gx_system_unlock.o                                              64
    gx_system_view_add.o                                            36
    gx_system_view_fold.o                                          126
    gx_system_view_split.o                                         236
    gx_system_views_free.o                                          48
    gx_system_views_update.o                                        24
    gx_utility_canvas_to_bmp.o                                   1'660
    gx_utility_circle_point_get.o                                  300
    gx_utility_easing_function_calculate.o                       1'892    1'543    2'004
    gx_utility_ltoa.o                                              152
    gx_utility_math_cos.o                                            8
    gx_utility_math_sin.o                                          136      360
    gx_utility_math_sqrt.o                                         236      256
    gx_utility_rectangle_combine.o                                  66
    gx_utility_rectangle_define.o                                   22
    gx_utility_rectangle_inside_detect.o                            56
    gx_utility_rectangle_overlap_detect.o                           80
    gx_utility_rectangle_point_detect.o                             54
    gx_utility_rectangle_shift.o                                    32
    gx_utility_string_length_check.o                                38
    gx_widget_allocate.o                                            44
    gx_widget_attach.o                                              48
    gx_widget_background_draw.o                                     38
    gx_widget_block_move.o                                         184
    gx_widget_border_draw.o                                      1'130
    gx_widget_border_width_get.o                                    58
    gx_widget_canvas_get.o                                          44
    gx_widget_child_clipping_update.o                              118
    gx_widget_child_detect.o                                        42
    gx_widget_child_focus_assign.o                                 116
    gx_widget_children_draw.o                                       88
    gx_widget_children_event_process.o                              28
    gx_widget_client_get.o                                          72
    gx_widget_clipping_update.o                                     90
    gx_widget_context_fill_set.o                                    14
    gx_widget_create.o                                             172
    gx_widget_delete.o                                             168
    gx_widget_detach.o                                              36
    gx_widget_draw.o                                                18
    gx_widget_draw_set.o                                             6
    gx_widget_event_generate.o                                      48
    gx_widget_event_process.o                                      718
    gx_widget_event_process_set.o                                    6
    gx_widget_event_to_parent.o                                     22
    gx_widget_fill_color_set.o                                      28
    gx_widget_focus_next.o                                          30
    gx_widget_focus_previous.o                                      30
    gx_widget_free.o                                                20
    gx_widget_front_move.o                                         212
    gx_widget_height_get.o                                          14
    gx_widget_hide.o                                               118
    gx_widget_link.o                                                70
    gx_widget_nav_order_initialize.o                               168
    gx_widget_scroll_shift.o                                       222
    gx_widget_shift.o                                              376
    gx_widget_show.o                                                94
    gx_widget_status_remove.o                                       12
    gx_widget_unlink.o                                             124
    gx_widget_width_get.o                                           14
    gx_window_background_draw.o                                     22
    gx_window_border_draw.o                                        220
    gx_window_create.o                                             132
    gx_window_draw.o                                                18
    gx_window_event_process.o                                      308
    gx_window_root_create.o                                         96
    gx_window_root_event_process.o                                  72
    gx_window_root_find.o                                           54
    gx_window_scroll.o                                             114
    gx_window_scroll_info_get.o                                    154
    gx_window_view_update_detect.o                                  36
    gx_window_wallpaper_set.o                                       40
    gxe_canvas_create.o                                            168
    gxe_canvas_drawing_initiate.o                                   92
    gxe_canvas_pixelmap_draw.o                                      88
    gxe_context_pixelmap_get.o                                      32
    gxe_display_active_language_set.o                              108
    gxe_display_color_table_set.o                                   80
    gxe_display_create.o                                           112
    gxe_display_font_table_set.o                                    76
    gxe_display_language_table_set.o                               180
    gxe_display_pixelmap_table_set.o                                76
    gxe_menu_insert.o                                               84
    gxe_system_initialize.o                                         56
    gxe_system_memory_allocator_set.o                               68
    gxe_system_scroll_appearance_set.o                              80
    gxe_system_start.o                                              56
    gxe_utility_canvas_to_bmp.o                                     92
    gxe_utility_rectangle_define.o                                  24
    gxe_widget_allocate.o                                           32
    gxe_widget_attach.o                                            104
    gxe_widget_draw_set.o                                           96
    gxe_widget_event_process_set.o                                  26
    gxe_widget_fill_color_set.o                                     92
    gxe_widget_show.o                                               88
    gxe_widget_status_remove.o                                      22
    gxe_window_create.o                                            124
    gxe_window_root_create.o                                       116
    gxe_window_wallpaper_set.o                                      84
    ------------------------------------------------------------------------------------
    Total:                                                      93'270   11'851   17'292

m7M_tlv.a: [4]
    fpinit_M.o                                                      34
    ------------------------------------------------------------------------------------
    Total:                                                          34

rt7M_tl.a: [5]
    ABImemclr.o                                                      6
    ABImemclr4.o                                                     6
    ABImemcpy.o                                                    166
    ABImemmove.o                                                   150
    ABImemset.o                                                    102
    ABImemset48.o                                                   58
    cexit.o                                                         14
    cmain.o                                                         30
    cstart_closeall.o
    cstartup_M.o                                                    28
    data_init.o                                                     40
    lz77_init_single.o                                             126
    memchr.o                                                        88
    strchr.o                                                        22
    strcmp_fast.o                                                  176
    strlen.o                                                        54
    strnlen_s.o                                                     86
    vector_table_M.o                                                64
    vectortrap_M.o                                                   2
    zero_init3.o                                                    56
    ------------------------------------------------------------------------------------
    Total:                                                       1'274

shb_l.a: [6]
    close.o                                                         24
    dwrite.o                                                        30
    exit.o                                                          20
    iarttio.o                                                      124
    iarwrite.o                                                      34
    iarwstd.o                                                       32
    lseek.o                                                         78
    open.o                                                          70
    remove.o                                                        20
    write.o                                                         16
    ------------------------------------------------------------------------------------
    Total:                                                         448

tx.a: [7]
    tx_initialize_high_level.o                                                        48
    tx_mutex_cleanup.o                                             192
    tx_mutex_create.o                                               96
    tx_mutex_get.o                                                 276
    tx_mutex_prioritize.o                                          168
    tx_mutex_priority_change.o                                     200
    tx_mutex_put.o                                                 480
    tx_queue_cleanup.o                                             132
    tx_queue_create.o                                              116
    tx_queue_receive.o                                             496
    tx_queue_send.o                                                364
    tx_thread_create.o                                             300
    tx_thread_identify.o                                            20
    tx_thread_initialize.o                                                    4      172
    tx_thread_resume.o                                             108
    tx_thread_shell_entry.o                                        124
    tx_thread_stack_build.o                                         68
    tx_thread_system_preempt_check.o                                60
    tx_thread_system_resume.o                                      292
    tx_thread_system_suspend.o                                     416
    tx_thread_timeout.o                                             52
    tx_time_get.o                                                   20
    tx_timer_create.o                                              124
    tx_timer_deactivate.o                                          172
    tx_timer_initialize.o                                                          1'388
    tx_timer_system_activate.o                                      96
    tx_timer_system_deactivate.o                                    44
    ------------------------------------------------------------------------------------
    Total:                                                       4'416        4    1'608

    Gaps                                                            85       20
    Linker created                                                           32  267'520
----------------------------------------------------------------------------------------
    Grand Total:                                               110'404  167'264  750'940


*******************************************************************************
*** ENTRY LIST
***

Entry                       Address      Size  Type      Object
-----                       -------      ----  ----      ------
.iar.init_table$$Base   0x1004'3248             --   Gb  - Linker created -
.iar.init_table$$Limit  0x1004'3268             --   Gb  - Linker created -
?main                   0x1004'3289            Code  Gb  cmain.o [5]
BusFault_Handler        0x1002'71ef            Code  Wk  vectortrap_M.o [5]
CSTACK$$Base            0x2107'6060             --   Gb  - Linker created -
CSTACK$$Limit           0x2107'6560             --   Gb  - Linker created -
DISPLAY_1_THEME_1_CHECKBOX_OFF_pixelmap
                        0x1004'3314      0x1c  Data  Gb  demo_jpeg_decode_1555xrgb_resources.o [1]
DISPLAY_1_THEME_1_CHECKBOX_OFF_pixelmap_data
                        0x1003'd938     0x1b0  Data  Lc  demo_jpeg_decode_1555xrgb_resources.o [1]
DISPLAY_1_THEME_1_CHECKBOX_ON_pixelmap
                        0x1004'32f8      0x1c  Data  Gb  demo_jpeg_decode_1555xrgb_resources.o [1]
DISPLAY_1_THEME_1_CHECKBOX_ON_pixelmap_data
                        0x1003'd754     0x1e4  Data  Lc  demo_jpeg_decode_1555xrgb_resources.o [1]
DISPLAY_1_THEME_1_FISH_SMALL_411_pixelmap
                        0x1004'3330      0x1c  Data  Gb  demo_jpeg_decode_1555xrgb_resources.o [1]
DISPLAY_1_THEME_1_FISH_SMALL_411_pixelmap_data
                        0x1001'a0c4    0x76fc  Data  Lc  demo_jpeg_decode_1555xrgb_resources.o [1]
DISPLAY_1_THEME_1_FISH_SMALL_420_pixelmap
                        0x1004'334c      0x1c  Data  Gb  demo_jpeg_decode_1555xrgb_resources.o [1]
DISPLAY_1_THEME_1_FISH_SMALL_420_pixelmap_data
                        0x1001'2974    0x7750  Data  Lc  demo_jpeg_decode_1555xrgb_resources.o [1]
DISPLAY_1_THEME_1_FISH_SMALL_422_pixelmap
                        0x1004'3368      0x1c  Data  Gb  demo_jpeg_decode_1555xrgb_resources.o [1]
DISPLAY_1_THEME_1_FISH_SMALL_422_pixelmap_data
                        0x1000'a1e0    0x8794  Data  Lc  demo_jpeg_decode_1555xrgb_resources.o [1]
DISPLAY_1_THEME_1_FISH_SMALL_444_pixelmap
                        0x1004'3384      0x1c  Data  Gb  demo_jpeg_decode_1555xrgb_resources.o [1]
DISPLAY_1_THEME_1_FISH_SMALL_444_pixelmap_data
                        0x1000'0040    0xa1a0  Data  Lc  demo_jpeg_decode_1555xrgb_resources.o [1]
DISPLAY_1_THEME_1_RADIO_OFF_pixelmap
                        0x1004'32dc      0x1c  Data  Gb  demo_jpeg_decode_1555xrgb_resources.o [1]
DISPLAY_1_THEME_1_RADIO_OFF_pixelmap_data
                        0x1003'd0e4     0x260  Data  Lc  demo_jpeg_decode_1555xrgb_resources.o [1]
DISPLAY_1_THEME_1_RADIO_ON_pixelmap
                        0x1004'32c0      0x1c  Data  Gb  demo_jpeg_decode_1555xrgb_resources.o [1]
DISPLAY_1_THEME_1_RADIO_ON_pixelmap_data
                        0x1003'ce84     0x260  Data  Lc  demo_jpeg_decode_1555xrgb_resources.o [1]
DISPLAY_1_THEME_1_RED_APPLE_pixelmap
                        0x1004'33a0      0x1c  Data  Gb  demo_jpeg_decode_1555xrgb_resources.o [1]
DISPLAY_1_THEME_1_RED_APPLE_pixelmap_data
                        0x1002'17c0    0x3a20  Data  Lc  demo_jpeg_decode_1555xrgb_resources.o [1]
DebugMon_Handler        0x1002'71ef            Code  Wk  vectortrap_M.o [5]
HEAP$$Base              0x2107'6560             --   Gb  - Linker created -
HEAP$$Limit             0x210b'7560             --   Gb  - Linker created -
HardFault_Handler       0x1002'71ef            Code  Wk  vectortrap_M.o [5]
LinePoints              0x2107'6000      0x28  Data  Lc  gx_display_driver_generic_wide_line_points_calculate.o [3]
MemManage_Handler       0x1002'71ef            Code  Wk  vectortrap_M.o [5]
NMI_Handler             0x1002'71ef            Code  Wk  vectortrap_M.o [5]
PendSV_Handler          0x1002'71ef            Code  Wk  vectortrap_M.o [5]
Region$$Table$$Base     0x1004'3248             --   Gb  - Linker created -
Region$$Table$$Limit    0x1004'3268             --   Gb  - Linker created -
SVC_Handler             0x1002'71ef            Code  Wk  vectortrap_M.o [5]
SysTick_Handler         0x1003'704d       0xc  Code  Gb  common_code.o [1]
UsageFault_Handler      0x1002'71ef            Code  Wk  vectortrap_M.o [5]
_Close_all              0x1004'2f51      0x40  Code  Gb  xcloseall.o [2]
_Files                  0x2100'09a4      0x20  Data  Gb  xfiles.o [2]
_Fofind                 0x1003'7b0d      0x46  Code  Gb  xfofind.o [2]
_Fofree                 0x1003'7b53      0x86  Code  Gb  xfofind.o [2]
_Fopen                  0x1003'7ee5      0x3c  Code  Gb  xfopen.o [2]
_Fopen::rwacc           0x1003'7f20      0x10  Data  Lc  xfopen.o [2]
_Foprep                 0x1003'7bdd      0xf8  Code  Gb  xfoprep.o [2]
_Foprep::init           0x1004'2b98      0x48  Data  Lc  xfoprep.o [2]
_Fspos                  0x1003'80f9      0xd8  Code  Gb  xfspos.o [2]
_Fwprep                 0x1003'79ad      0xb4  Code  Gb  xfwprep.o [2]
_LC                     0x1003'5769       0x6  Code  Lc  xprintfsmall_nomb.o [2]
_LitobSmallNoMb         0x1003'5b2b      0xd0  Code  Lc  xprintfsmall_nomb.o [2]
_Nnl                    0x1003'8235       0xc  Code  Gb  xfgpos.o [2]
_PrintfSmallNoMb        0x1003'576f     0x3b0  Code  Gb  xprintfsmall_nomb.o [2]
_Prout                  0x1004'3459      0x16  Code  Gb  xprout.o [2]
_PutcharsSmallNoMb      0x1003'5bfb      0x2e  Code  Lc  xprintfsmall_nomb.o [2]
_SProut                 0x1002'70e3       0xa  Code  Gb  xsprout.o [2]
__aeabi_memclr          0x1002'70dd            Code  Gb  ABImemclr.o [5]
__aeabi_memclr4         0x1002'7071            Code  Gb  ABImemclr4.o [5]
__aeabi_memcpy          0x1002'6f51            Code  Gb  ABImemcpy.o [5]
__aeabi_memcpy4         0x1002'6f71            Code  Gb  ABImemcpy.o [5]
__aeabi_memcpy8         0x1002'6f71            Code  Gb  ABImemcpy.o [5]
__aeabi_memmove         0x1002'70ed            Code  Gb  ABImemmove.o [5]
__aeabi_memmove4        0x1002'70ed            Code  Gb  ABImemmove.o [5]
__aeabi_memmove8        0x1002'70ed            Code  Gb  ABImemmove.o [5]
__aeabi_memset          0x1002'7189            Code  Gb  ABImemset.o [5]
__aeabi_memset4         0x1002'708d            Code  Gb  ABImemset48.o [5]
__aeabi_memset8         0x1002'708d            Code  Gb  ABImemset48.o [5]
__cexit_closeall        0x1004'32b3            Code  Gb  cexit.o [5]
__close                 0x1003'7cd5      0x18  Code  Gb  close.o [6]
__cmain                 0x1004'3289            Code  Gb  cmain.o [5]
__cstart_closeall       0x1004'3518            Data  Gb  cstart_closeall.o [5]
__data_GetMemChunk      0x1002'86cd      0x2c  Code  Gb  xgetmemchunk.o [2]
__data_GetMemChunk::start
                        0x2107'6054       0x4  Data  Lc  xgetmemchunk.o [2]
__dwrite                0x1003'81d1      0x1e  Code  Gb  dwrite.o [6]
__exit                  0x1002'86f9      0x14  Code  Gb  exit.o [6]
__iar_Fail_s            0x1003'5c69      0x1c  Code  Gb  xfail_s.o [2]
__iar_Memchr            0x1003'5ce1            Code  Gb  memchr.o [5]
__iar_Memset            0x1002'7189            Code  Gb  ABImemset.o [5]
__iar_Memset4_word      0x1002'7095            Code  Gb  ABImemset48.o [5]
__iar_Memset8_word      0x1002'7095            Code  Gb  ABImemset48.o [5]
[...]
_tx_mutex_thread_release
                        0x1004'064d      0x42  Code  Gb  tx_mutex_cleanup.o [7]
_tx_queue_cleanup       0x1004'0e5d      0x84  Code  Gb  tx_queue_cleanup.o [7]
_tx_queue_create        0x1003'9145      0x74  Code  Gb  tx_queue_create.o [7]
_tx_queue_created_count
                        0x2107'5fb4       0x4  Data  Gb  tx_initialize_high_level.o [7]
_tx_queue_created_ptr   0x2107'5fb0       0x4  Data  Gb  tx_initialize_high_level.o [7]
_tx_queue_receive       0x1003'd565     0x1f0  Code  Gb  tx_queue_receive.o [7]
_tx_queue_send          0x1003'a8e9     0x16c  Code  Gb  tx_queue_send.o [7]
_tx_semaphore_created_count
                        0x2107'5fac       0x4  Data  Gb  tx_initialize_high_level.o [7]
_tx_semaphore_created_ptr
                        0x2107'5fa8       0x4  Data  Gb  tx_initialize_high_level.o [7]
_tx_thread_create       0x1003'9219     0x12c  Code  Gb  tx_thread_create.o [7]
_tx_thread_created_count
                        0x2107'5d04       0x4  Data  Gb  tx_thread_initialize.o [7]
_tx_thread_created_ptr  0x2107'5d00       0x4  Data  Gb  tx_thread_initialize.o [7]
_tx_thread_current_ptr  0x2107'5cf8       0x4  Data  Gb  tx_thread_initialize.o [7]
_tx_thread_execute_ptr  0x2107'5cfc       0x4  Data  Gb  tx_thread_initialize.o [7]
_tx_thread_highest_priority
                        0x2107'5d08       0x4  Data  Gb  tx_thread_initialize.o [7]
_tx_thread_identify     0x1003'ab85      0x14  Code  Gb  tx_thread_identify.o [7]
_tx_thread_mutex_release
                        0x2107'5d10       0x4  Data  Gb  tx_thread_initialize.o [7]
_tx_thread_preempt_disable
                        0x2107'5d0c       0x4  Data  Gb  tx_thread_initialize.o [7]
_tx_thread_preempted_maps
                        0x2107'5d1c       0x4  Data  Gb  tx_thread_initialize.o [7]
_tx_thread_priority_list
                        0x2107'5d20      0x80  Data  Gb  tx_thread_initialize.o [7]
_tx_thread_priority_maps
                        0x2107'5d18       0x4  Data  Gb  tx_thread_initialize.o [7]
_tx_thread_resume       0x1003'fff1      0x6c  Code  Gb  tx_thread_resume.o [7]
_tx_thread_shell_entry  0x1004'1081      0x7c  Code  Gb  tx_thread_shell_entry.o [7]
_tx_thread_stack_build  0x1003'93a5            Code  Gb  tx_thread_stack_build.o [7]
_tx_thread_system_preempt_check
                        0x1003'950d      0x3c  Code  Gb  tx_thread_system_preempt_check.o [7]
_tx_thread_system_resume
                        0x1003'93e9     0x124  Code  Gb  tx_thread_system_resume.o [7]
_tx_thread_system_state
                        0x2100'00f4       0x4  Data  Gb  tx_thread_initialize.o [7]
_tx_thread_system_suspend
                        0x1003'aea1     0x1a0  Code  Gb  tx_thread_system_suspend.o [7]
_tx_thread_timeout      0x1004'3069      0x34  Code  Gb  tx_thread_timeout.o [7]
_tx_time_get            0x1003'ae8d      0x14  Code  Gb  tx_time_get.o [7]
_tx_timer_create        0x1003'90c9      0x7c  Code  Gb  tx_timer_create.o [7]
_tx_timer_created_count
                        0x2107'4b40       0x4  Data  Gb  tx_timer_initialize.o [7]
_tx_timer_created_ptr   0x2107'4b3c       0x4  Data  Gb  tx_timer_initialize.o [7]
_tx_timer_current_ptr   0x2107'4b34       0x4  Data  Gb  tx_timer_initialize.o [7]
_tx_timer_deactivate    0x1003'e89d      0xac  Code  Gb  tx_timer_deactivate.o [7]
_tx_timer_expired       0x2107'4b38       0x4  Data  Gb  tx_timer_initialize.o [7]
_tx_timer_expired_time_slice
                        0x2107'4b28       0x4  Data  Gb  tx_timer_initialize.o [7]
_tx_timer_expired_timer_ptr
                        0x2107'4b44       0x4  Data  Gb  tx_timer_initialize.o [7]
_tx_timer_list          0x2107'4b58      0x80  Data  Gb  tx_timer_initialize.o [7]
_tx_timer_list_end      0x2107'4b30       0x4  Data  Gb  tx_timer_initialize.o [7]
_tx_timer_list_start    0x2107'4b2c       0x4  Data  Gb  tx_timer_initialize.o [7]
_tx_timer_priority      0x2107'4b50       0x4  Data  Gb  tx_timer_initialize.o [7]
_tx_timer_stack_size    0x2107'4b4c       0x4  Data  Gb  tx_timer_initialize.o [7]
_tx_timer_stack_start   0x2107'4b48       0x4  Data  Gb  tx_timer_initialize.o [7]
_tx_timer_system_activate
                        0x1003'9345      0x60  Code  Gb  tx_timer_system_activate.o [7]
_tx_timer_system_clock  0x2107'4b24       0x4  Data  Gb  tx_timer_initialize.o [7]
_tx_timer_system_deactivate
                        0x1003'9549      0x2c  Code  Gb  tx_timer_system_deactivate.o [7]
_tx_timer_thread        0x2107'4bd8      0xb8  Data  Gb  tx_timer_initialize.o [7]
_tx_timer_thread_stack_area
                        0x2107'4c90     0x400  Data  Gb  tx_timer_initialize.o [7]
_tx_timer_time_slice    0x2107'4b54       0x4  Data  Gb  tx_timer_initialize.o [7]
abort                   0x1002'86c5       0x6  Code  Gb  abort.o [2]
canvas_fp               0x2107'5ff4       0x4  Data  Lc  common_code.o [1]
char_21                 0x1004'30cc      0x28  Data  Lc  gx_system_font_8bpp.o [3]
char_22                 0x1004'3268      0x20  Data  Lc  gx_system_font_8bpp.o [3]
char_23                 0x1004'1f08      0x64  Data  Lc  gx_system_font_8bpp.o [3]
char_24                 0x1004'10fc      0x78  Data  Lc  gx_system_font_8bpp.o [3]
char_25                 0x1004'0958      0xa8  Data  Lc  gx_system_font_8bpp.o [3]
char_26                 0x1004'0c64      0x84  Data  Lc  gx_system_font_8bpp.o [3]
char_27                 0x1004'34bc      0x10  Data  Lc  gx_system_font_8bpp.o [3]
char_28                 0x1004'2d10      0x40  Data  Lc  gx_system_font_8bpp.o [3]
char_29                 0x1004'2d50      0x40  Data  Lc  gx_system_font_8bpp.o [3]
char_2a                 0x1004'31b8      0x24  Data  Lc  gx_system_font_8bpp.o [3]
char_2b                 0x1004'2584      0x54  Data  Lc  gx_system_font_8bpp.o [3]
char_2c                 0x1004'3410      0x18  Data  Lc  gx_system_font_8bpp.o [3]
char_2d                 0x1004'3508       0x8  Data  Lc  gx_system_font_8bpp.o [3]
char_2e                 0x1004'3510       0x8  Data  Lc  gx_system_font_8bpp.o [3]
char_2f                 0x1004'1ad0      0x70  Data  Lc  gx_system_font_8bpp.o [3]
char_30                 0x1004'1f6c      0x64  Data  Lc  gx_system_font_8bpp.o [3]
char_31                 0x1004'277c      0x50  Data  Lc  gx_system_font_8bpp.o [3]
char_32                 0x1004'1fd0      0x64  Data  Lc  gx_system_font_8bpp.o [3]
char_33                 0x1004'2034      0x64  Data  Lc  gx_system_font_8bpp.o [3]
char_34                 0x1004'2098      0x64  Data  Lc  gx_system_font_8bpp.o [3]
char_35                 0x1004'20fc      0x64  Data  Lc  gx_system_font_8bpp.o [3]
char_36                 0x1004'2160      0x64  Data  Lc  gx_system_font_8bpp.o [3]
char_37                 0x1004'21c4      0x64  Data  Lc  gx_system_font_8bpp.o [3]
char_38                 0x1004'2228      0x64  Data  Lc  gx_system_font_8bpp.o [3]
char_39                 0x1004'228c      0x64  Data  Lc  gx_system_font_8bpp.o [3]
char_3a                 0x1004'33bc      0x1c  Data  Lc  gx_system_font_8bpp.o [3]
char_3b                 0x1004'3000      0x34  Data  Lc  gx_system_font_8bpp.o [3]
char_3c                 0x1004'2d90      0x40  Data  Lc  gx_system_font_8bpp.o [3]
char_3d                 0x1004'309c      0x30  Data  Lc  gx_system_font_8bpp.o [3]
char_3e                 0x1004'2dd0      0x40  Data  Lc  gx_system_font_8bpp.o [3]
char_3f                 0x1004'25d8      0x54  Data  Lc  gx_system_font_8bpp.o [3]
char_40                 0x1004'038c      0xe4  Data  Lc  gx_system_font_8bpp.o [3]
char_41                 0x1004'1174      0x78  Data  Lc  gx_system_font_8bpp.o [3]
char_42                 0x1004'1bb0      0x6c  Data  Lc  gx_system_font_8bpp.o [3]
char_43                 0x1004'11ec      0x78  Data  Lc  gx_system_font_8bpp.o [3]
char_44                 0x1004'1264      0x78  Data  Lc  gx_system_font_8bpp.o [3]
char_45                 0x1004'2354      0x60  Data  Lc  gx_system_font_8bpp.o [3]
char_46                 0x1004'23b4      0x60  Data  Lc  gx_system_font_8bpp.o [3]
char_47                 0x1004'12dc      0x78  Data  Lc  gx_system_font_8bpp.o [3]
char_48                 0x1004'1354      0x78  Data  Lc  gx_system_font_8bpp.o [3]
char_49                 0x1004'31dc      0x24  Data  Lc  gx_system_font_8bpp.o [3]
char_4a                 0x1004'2414      0x60  Data  Lc  gx_system_font_8bpp.o [3]
char_4b                 0x1004'13cc      0x78  Data  Lc  gx_system_font_8bpp.o [3]
char_4c                 0x1004'2474      0x60  Data  Lc  gx_system_font_8bpp.o [3]
char_4d                 0x1004'0ce8      0x84  Data  Lc  gx_system_font_8bpp.o [3]
char_4e                 0x1004'1444      0x78  Data  Lc  gx_system_font_8bpp.o [3]
char_4f                 0x1004'0b44      0x90  Data  Lc  gx_system_font_8bpp.o [3]
char_50                 0x1004'1c1c      0x6c  Data  Lc  gx_system_font_8bpp.o [3]
char_51                 0x1004'069c      0xb4  Data  Lc  gx_system_font_8bpp.o [3]
char_52                 0x1004'1c88      0x6c  Data  Lc  gx_system_font_8bpp.o [3]
char_53                 0x1004'1cf4      0x6c  Data  Lc  gx_system_font_8bpp.o [3]
char_54                 0x1004'14bc      0x78  Data  Lc  gx_system_font_8bpp.o [3]
char_55                 0x1004'1534      0x78  Data  Lc  gx_system_font_8bpp.o [3]
char_56                 0x1004'15ac      0x78  Data  Lc  gx_system_font_8bpp.o [3]
char_57                 0x1004'0a00      0xa8  Data  Lc  gx_system_font_8bpp.o [3]
char_58                 0x1004'1d60      0x6c  Data  Lc  gx_system_font_8bpp.o [3]
char_59                 0x1004'1624      0x78  Data  Lc  gx_system_font_8bpp.o [3]
char_5a                 0x1004'1dcc      0x6c  Data  Lc  gx_system_font_8bpp.o [3]
char_5b                 0x1004'2e10      0x40  Data  Lc  gx_system_font_8bpp.o [3]
char_5c                 0x1004'1b40      0x70  Data  Lc  gx_system_font_8bpp.o [3]
char_5d                 0x1004'2e50      0x40  Data  Lc  gx_system_font_8bpp.o [3]
char_5e                 0x1004'3034      0x34  Data  Lc  gx_system_font_8bpp.o [3]
char_5f                 0x1004'34f0       0xc  Data  Lc  gx_system_font_8bpp.o [3]
char_60                 0x1004'34fc       0xc  Data  Lc  gx_system_font_8bpp.o [3]
char_61                 0x1004'2e90      0x40  Data  Lc  gx_system_font_8bpp.o [3]
char_62                 0x1004'169c      0x78  Data  Lc  gx_system_font_8bpp.o [3]
char_63                 0x1004'29e8      0x48  Data  Lc  gx_system_font_8bpp.o [3]
char_64                 0x1004'1714      0x78  Data  Lc  gx_system_font_8bpp.o [3]
char_65                 0x1004'262c      0x54  Data  Lc  gx_system_font_8bpp.o [3]
char_66                 0x1004'27cc      0x50  Data  Lc  gx_system_font_8bpp.o [3]
char_67                 0x1004'178c      0x78  Data  Lc  gx_system_font_8bpp.o [3]
char_68                 0x1004'1e38      0x68  Data  Lc  gx_system_font_8bpp.o [3]
char_69                 0x1004'30f4      0x28  Data  Lc  gx_system_font_8bpp.o [3]
char_6a                 0x1004'252c      0x58  Data  Lc  gx_system_font_8bpp.o [3]
char_6b                 0x1004'1ea0      0x68  Data  Lc  gx_system_font_8bpp.o [3]
char_6c                 0x1004'311c      0x28  Data  Lc  gx_system_font_8bpp.o [3]
char_6d                 0x1004'1804      0x78  Data  Lc  gx_system_font_8bpp.o [3]
char_6e                 0x1004'2a30      0x48  Data  Lc  gx_system_font_8bpp.o [3]
char_6f                 0x1004'2680      0x54  Data  Lc  gx_system_font_8bpp.o [3]
char_70                 0x1004'187c      0x78  Data  Lc  gx_system_font_8bpp.o [3]
char_71                 0x1004'18f4      0x78  Data  Lc  gx_system_font_8bpp.o [3]
char_72                 0x1004'2f90      0x38  Data  Lc  gx_system_font_8bpp.o [3]
char_73                 0x1004'2ed0      0x40  Data  Lc  gx_system_font_8bpp.o [3]
char_74                 0x1004'2a78      0x48  Data  Lc  gx_system_font_8bpp.o [3]
char_75                 0x1004'2ac0      0x48  Data  Lc  gx_system_font_8bpp.o [3]
char_76                 0x1004'26d4      0x54  Data  Lc  gx_system_font_8bpp.o [3]
char_77                 0x1004'196c      0x78  Data  Lc  gx_system_font_8bpp.o [3]
char_78                 0x1004'2b08      0x48  Data  Lc  gx_system_font_8bpp.o [3]
char_79                 0x1004'19e4      0x78  Data  Lc  gx_system_font_8bpp.o [3]
char_7a                 0x1004'2b50      0x48  Data  Lc  gx_system_font_8bpp.o [3]
char_7b                 0x1004'281c      0x50  Data  Lc  gx_system_font_8bpp.o [3]
char_7c                 0x1004'3200      0x24  Data  Lc  gx_system_font_8bpp.o [3]
char_7d                 0x1004'286c      0x50  Data  Lc  gx_system_font_8bpp.o [3]
char_7e                 0x1004'33d8      0x1c  Data  Lc  gx_system_font_8bpp.o [3]
crc_calculate           0x1003'720d      0xf2  Code  Gb  common_code.o [1]
crc_table               0x2107'5090     0x400  Data  Lc  common_code.o [1]
demo_jpeg_decode_1555xrgb_display_table
                        0x2100'00b0      0x38  Data  Gb  demo_jpeg_decode_1555xrgb_specifications.o [1]
demo_jpeg_decode_1555xrgb_widget_table
                        0x1003'bc24      0x10  Data  Gb  demo_jpeg_decode_1555xrgb_specifications.o [1]
display_1_English_string_table
                        0x1004'34ac      0x10  Data  Gb  demo_jpeg_decode_1555xrgb_resources.o [1]
display_1_STRING_1_English
                        0x1004'34cc       0xc  Data  Gb  demo_jpeg_decode_1555xrgb_resources.o [1]
display_1_canvas_control_block
                        0x2107'5490     0x33c  Data  Gb  demo_jpeg_decode_1555xrgb_specifications.o [1]
display_1_canvas_memory
                        0x2100'09cc  0x7'0800  Data  Gb  demo_jpeg_decode_1555xrgb_specifications.o [1]
display_1_control_block
                        0x2107'5bd4     0x124  Data  Gb  demo_jpeg_decode_1555xrgb_specifications.o [1]
display_1_language_table
                        0x2100'0038       0x4  Data  Gb  demo_jpeg_decode_1555xrgb_resources.o [1]
display_1_root_window   0x2107'5e20      0x78  Data  Gb  demo_jpeg_decode_1555xrgb_specifications.o [1]
display_1_theme_1       0x2100'003c      0x70  Data  Gb  demo_jpeg_decode_1555xrgb_resources.o [1]
display_1_theme_1_color_table
                        0x1004'1a5c      0x74  Data  Gb  demo_jpeg_decode_1555xrgb_resources.o [1]
display_1_theme_1_font_table
                        0x2100'0000      0x10  Data  Gb  demo_jpeg_decode_1555xrgb_resources.o [1]
display_1_theme_1_pixelmap_table
                        0x2100'0010      0x28  Data  Gb  demo_jpeg_decode_1555xrgb_resources.o [1]
display_1_theme_table   0x2100'00ac       0x4  Data  Gb  demo_jpeg_decode_1555xrgb_resources.o [1]
display_buffer_toggle   0x1003'7059       0x2  Code  Gb  common_code.o [1]
ebuf                    0x2107'5f08      0x50  Data  Lc  xfiles.o [2]
exit                    0x1004'32ab       0x4  Code  Gb  exit.o [2]
failed_count            0x2107'5ff0       0x4  Data  Lc  common_code.o [1]
fclose                  0x1003'764d      0x7e  Code  Gb  fclose.o [2]
fflush                  0x1003'7ad5      0x34  Code  Gb  fflush.o [2]
fflushOne               0x1003'7a61      0x74  Code  Lc  fflush.o [2]
font_SansPro_Regular_ttf_18_aa
                        0x1003'5d38     0x474  Data  Lc  gx_system_font_8bpp.o [3]
fopen                   0x1003'75ad      0x2a  Code  Gb  fopen.o [2]
fputc                   0x1004'2729      0x54  Code  Gb  fputc.o [2]
free                    0x1003'7451       0x4  Code  Gb  heaptramp0.o [2]
fseek                   0x1003'7eb1      0x24  Code  Gb  fseek.o [2]
fwrite                  0x1003'74b5      0xb8  Code  Gb  fwrite.o [2]
generate                0x2107'5fd8       0x4  Data  Lc  common_code.o [1]
golden_fp               0x2107'5ff8       0x4  Data  Lc  common_code.o [1]
golden_results          0x2107'5fe4       0x4  Data  Lc  common_code.o [1]
golden_results          0x2100'00ec       0x8  Data  Gb  main.o [1]
golden_results_size     0x2107'5fe8       0x4  Data  Lc  common_code.o [1]
graphics_driver_1555xrgb_setup
                        0x1003'705b      0x14  Code  Gb  common_code.o [1]
gx_studio_display_configure
                        0x1003'bb15     0x10c  Code  Gb  demo_jpeg_decode_1555xrgb_specifications.o [1]
gx_studio_named_widget_create
                        0x1003'bad1      0x44  Code  Gb  demo_jpeg_decode_1555xrgb_specifications.o [1]
gx_studio_nested_widget_create
                        0x1003'b9e1      0xcc  Code  Lc  demo_jpeg_decode_1555xrgb_specifications.o [1]
gx_studio_widget_create
                        0x1003'baad      0x24  Code  Gb  demo_jpeg_decode_1555xrgb_specifications.o [1]
gx_studio_window_create
                        0x1003'b9a5      0x3c  Code  Gb  demo_jpeg_decode_1555xrgb_specifications.o [1]
init_mparams            0x1002'720d      0x2c  Code  Lc  dlmalloc.o [2]
init_top                0x1002'7239      0x34  Code  Lc  dlmalloc.o [2]
main                    0x1003'fd19      0x66  Code  Gb  main.o [1]
main_screen             0x2107'5e98      0x70  Data  Gb  demo_jpeg_decode_1555xrgb_specifications.o [1]
main_screen_define      0x1004'2c44      0x44  Data  Gb  demo_jpeg_decode_1555xrgb_specifications.o [1]
main_screen_draw        0x1003'fd7f      0xa4  Code  Gb  main.o [1]
main_screen_properties  0x2107'6050       0x4  Data  Gb  demo_jpeg_decode_1555xrgb_specifications.o [1]
memchr                  0x1003'5ce1            Code  Gb  memchr.o [5]
memory_allocate         0x1003'7045       0x4  Code  Gb  common_code.o [1]
memory_free             0x1003'7049       0x4  Code  Gb  common_code.o [1]
mparams                 0x2107'6028      0x18  Data  Lc  dlmalloc.o [2]
obuf                    0x2107'5f58      0x50  Data  Lc  xfiles.o [2]
output_fp               0x2107'5ffc       0x4  Data  Lc  common_code.o [1]
printf                  0x1003'76cd      0x28  Code  Gb  printf.o [2]
putchar                 0x1004'2ccd      0x44  Code  Gb  putchar.o [2]
remove                  0x1003'7ced      0x14  Code  Gb  remove.o [6]
root                    0x2100'00e8       0x4  Data  Gb  main.o [1]
sFileInfo               0x2107'5da0      0x80  Data  Lc  XShHandles.o [2]
screenshot              0x2107'5fe0       0x4  Data  Lc  common_code.o [1]
sec_hand                0x2107'6058       0x4  Data  Lc  xfail_s.o [2]
segment_holding         0x1002'71f1      0x1c  Code  Lc  dlmalloc.o [2]
sin_value_table         0x1003'f4f4     0x168  Data  Lc  gx_utility_math_sin.o [3]
sprintf                 0x1003'756d      0x40  Code  Gb  sprintf.o [2]
sqrt_table              0x1004'028c     0x100  Data  Lc  gx_utility_math_sqrt.o [3]
start_time              0x2107'6044       0x4  Data  Lc  common_code.o [1]
strchr                  0x1003'5c51            Code  Gb  strchr.o [5]
strlen                  0x1003'5ca9            Code  Gb  strlen.o [5]
strncmp                 0x1002'6ea9      0x2a  Code  Gb  strncmp.o [2]
strnlen                 0x1003'76f5            Code  Gb  strnlen_s.o [5]
strnlen_s               0x1003'76f5            Code  Gb  strnlen_s.o [5]
test                    0x2107'5fdc       0x4  Data  Lc  common_code.o [1]
test_count              0x2107'5fec       0x4  Data  Lc  common_code.o [1]
test_end                0x1003'71b9      0x52  Code  Gb  common_code.o [1]
test_jpeg_to_canvas_draw
                        0x1003'72ff      0x74  Code  Gb  common_code.o [1]
test_start              0x1003'7089      0x16  Code  Gb  common_code.o [1]
test_verify_canvas      0x1003'709f     0x118  Code  Gb  common_code.o [1]
tick_counter            0x2107'6040       0x4  Data  Lc  common_code.o [1]
write_data_callback     0x1003'706f      0x1a  Code  Gb  common_code.o [1]


[1] = C:\Ting\guix\test\regression_test\tests\iar\9.30.1\validaion_guix_jpeg_decoding\demo_guix_jpeg_decode_1555xrgb\Debug\Obj
[2] = dl7M_tlf.a
[3] = gx.a
[4] = m7M_tlv.a
[5] = rt7M_tl.a
[6] = shb_l.a
[7] = tx.a

  110'404 bytes of readonly  code memory
  167'264 bytes of readonly  data memory
  750'940 bytes of readwrite data memory

Errors: none
Warnings: none
